• Validating lock
✓ Validating lock in 3.75ms
• Configuring shell
• Configuring cachix
✓ Configuring cachix in 3.77ms
• Evaluating shell
• Building devenv-shell-env
✓ Building devenv-shell-env in 511ms
✓ Evaluating shell in 8.62s (cached)
✓ Configuring shell in 8.63s
• Loading tasks
• Evaluating devenv.config.task.config
✓ Evaluating devenv.config.task.config in 432µs (cached)
✓ Loading tasks in 2.06ms
• Running tasks
• Running devenv:files:cleanup
✓ Running devenv:files:cleanup in 113ms
• Running devenv:enterShell
✓ Running devenv:enterShell in 104ms
• Running devenv:enterTest
✓ Running devenv:enterTest in 17.3µs (no command)
✓ Running tasks in 217ms
✨ devenv 2.1.2 is out of date. Please update to 2.4.0: https://devenv.sh/getting-started/#installation
cargo 1.98.1 (797e8a9bc 2026-08-05)
release: 1.98.1
commit-hash: 797e8a9bca276c1c9f9f738d2a20f484fa4eea9d
commit-date: 2026-08-05
host: aarch64-apple-darwin
libgit2: 1.9.4 (sys:0.21.0 vendored)
libcurl: 8.22.0 (sys:0.4.90+curl-8.21.0 system ssl:OpenSSL/3.6.4)
ssl: OpenSSL 3.6.3 9 Jun 2026
os: Mac OS 26.4.0 [64-bit]
