• Validating lock
✓ Validating lock in 363µs
• Configuring shell
• Configuring cachix
✓ Configuring cachix in 1.25ms
• Evaluating shell
✓ Evaluating shell in 37.2ms (cached)
✓ Configuring shell in 40.2ms
• Loading tasks
• Evaluating devenv.config.task.config
✓ Evaluating devenv.config.task.config in 549µs (cached)
✓ Loading tasks in 1.05ms
• Running tasks
• Running devenv:files:cleanup
✓ Running devenv:files:cleanup in 8.63ms
• Running devenv:enterShell
✓ Running devenv:enterShell in 12.7ms
• Running devenv:enterTest
✓ Running devenv:enterTest in 5.29µs (no command)
✓ Running tasks in 21.5ms
✨ devenv 2.1.2 is out of date. Please update to 2.4.0: https://devenv.sh/getting-started/#installation
cargo 1.98.1 (797e8a9bc 2026-08-05)
    Removing gpui from dev-dependencies
    Updating crates.io index
      Adding gpui-alloy =0.1.1 to dependencies
             Features:
             + font-kit
             + wayland
             + windows-manifest
             + x11
             - backtrace
             - bench
             - bench-support
             - inspector
             - leak-detection
             - objc2
             - objc2-metal
             - profiler
             - proptest
             - scap
             - screen-capture
             - stacker
             - test-support
    Updating crates.io index
     Locking 17 packages to latest Rust 1.98.1 compatible versions
      Adding gpui-alloy v0.1.1
      Adding gpui-alloy-collections v0.1.1
      Adding gpui-alloy-derive-refineable v0.1.1
      Adding gpui-alloy-font-kit v0.1.1
      Adding gpui-alloy-http-client v0.1.1
      Adding gpui-alloy-macros v0.1.1
      Adding gpui-alloy-perf v0.1.1
      Adding gpui-alloy-refineable v0.1.1
      Adding gpui-alloy-scheduler v0.1.1
      Adding gpui-alloy-shared-string v0.1.1
      Adding gpui-alloy-sum-tree v0.1.1
      Adding gpui-alloy-util v0.1.1
      Adding gpui-alloy-util-macros v0.1.1
      Adding gpui-alloy-zlog v0.1.1
      Adding gpui-alloy-ztracing v0.1.1
      Adding gpui-alloy-ztracing-macro v0.1.1
      Adding zed-scap v0.0.8-zed
    Updating crates.io index
      Adding gpui-alloy =0.1.1 to dev-dependencies
             Features:
             + backtrace
             + font-kit
             + leak-detection
             + proptest
             + test-support
             + wayland
             + windows-manifest
             + x11
             - bench
             - bench-support
             - inspector
             - objc2
             - objc2-metal
             - profiler
             - scap
             - screen-capture
             - stacker
     Locking 2 packages to latest Rust 1.98.1 compatible versions
      Adding proptest v1.10.0 (available: v1.11.0)
      Adding proptest-macro v0.5.0
    Updating crates.io index
      Adding gpui-alloy-apple =0.1.1 to dev-dependencies
             Features:
             + test-support
             - bench-support
             - runtime_shaders
    Updating crates.io index
     Locking 1 package to latest Rust 1.98.1 compatible version
      Adding gpui-alloy-apple v0.1.1
    Updating crates.io index
      Adding gpui-alloy-platform =0.1.1 to dev-dependencies
             Features:
             + font-kit
             + test-support
             - bench-support
             - gpui_wgpu
             - inspector
             - runtime_shaders
             - screen-capture
             - wayland
             - x11
    Updating crates.io index
     Locking 9 packages to latest Rust 1.98.1 compatible versions
      Adding gpui-alloy-async-process v0.1.1
      Adding gpui-alloy-linux v0.1.1
      Adding gpui-alloy-macos v0.1.1
      Adding gpui-alloy-platform v0.1.1
      Adding gpui-alloy-smol v0.1.1
      Adding gpui-alloy-web v0.1.1
      Adding gpui-alloy-wgpu v0.1.1
      Adding gpui-alloy-windows v0.1.1
      Adding wasm_thread v0.3.3
   Compiling proc-macro2 v1.0.107
   Compiling quote v1.0.47
   Compiling unicode-ident v1.0.26
   Compiling serde_core v1.0.229
   Compiling libc v0.2.189
   Compiling typeid v1.0.3
    Checking cfg-if v1.0.5
   Compiling erased-serde v0.4.10
    Checking bitflags v2.13.2
   Compiling libm v0.2.16
   Compiling autocfg v1.5.1
    Checking smallvec v1.16.2
    Checking memchr v2.8.3
    Checking simd-adler32 v0.3.10
    Checking core-foundation-sys v0.8.7
    Checking adler2 v2.0.1
    Checking stable_deref_trait v1.2.1
    Checking objc2-encode v4.1.0
    Checking pin-project-lite v0.2.17
   Compiling getrandom v0.4.3
   Compiling anyhow v1.0.104
   Compiling zmij v1.0.23
   Compiling crossbeam-utils v0.8.23
   Compiling crc32fast v1.5.2
   Compiling objc2 v0.6.4
   Compiling version_check v0.9.5
    Checking arrayvec v0.7.8
   Compiling num-traits v0.2.19
    Checking miniz_oxide v0.9.1
   Compiling serde v1.0.229
    Checking bytemuck v1.25.2
    Checking futures-core v0.3.34
   Compiling zerocopy v0.8.59
   Compiling rustix v1.1.5
   Compiling equivalent v1.0.2
   Compiling hashbrown v0.17.1
    Checking futures-io v0.3.34
   Compiling semver v1.0.28
    Checking once_cell v1.21.4
   Compiling rustc_version v0.4.1
    Checking miniz_oxide v0.8.9
    Checking futures-sink v0.3.34
   Compiling getrandom v0.3.4
    Checking litemap v0.8.3
    Checking writeable v0.6.4
    Checking scopeguard v1.2.0
   Compiling crossbeam-epoch v0.9.21
    Checking lock_api v0.4.14
    Checking foreign-types-shared v0.3.1
   Compiling icu_normalizer_data v2.3.0
    Checking fastrand v2.5.0
    Checking itoa v1.0.18
   Compiling serde_json v1.0.151
   Compiling icu_properties_data v2.3.0
   Compiling glob v0.3.4
    Checking serde_fmt v1.1.0
    Checking indexmap v2.14.2
   Compiling paste v1.0.15
   Compiling unicode-segmentation v1.13.3
    Checking value-bag-serde1 v1.14.1
    Checking value-bag v1.14.1
    Checking core-foundation v0.10.1
    Checking log v0.4.34
   Compiling crossbeam-deque v0.8.8
    Checking core-graphics-types v0.2.0
    Checking utf8_iter v1.0.4
   Compiling clang-sys v1.9.1
    Checking objc2-core-foundation v0.3.2
    Checking flate2 v1.1.10
    Checking futures-channel v0.3.34
   Compiling syn v3.0.6
   Compiling syn v2.0.119
   Compiling slotmap v1.1.1
    Checking futures-task v0.3.34
    Checking slab v0.4.12
   Compiling rustc-hash v2.1.3
   Compiling rayon-core v1.13.0
   Compiling prettyplease v0.2.37
    Checking euclid v0.22.14
   Compiling parking_lot_core v0.9.12
    Checking block2 v0.6.2
    Checking malloc_buf v0.0.6
    Checking tracing-core v0.1.36
    Checking core_maths v0.1.1
    Checking iana-time-zone v0.1.65
    Checking fdeflate v0.3.7
    Checking block v0.1.6
    Checking parking v2.2.1
   Compiling winnow v1.0.4
    Checking lazy_static v1.5.0
    Checking float-cmp v0.9.0
   Compiling regex-syntax v0.8.11
   Compiling minimal-lexical v0.2.1
   Compiling toml_parser v1.1.3+spec-1.1.0
   Compiling nom v7.1.3
   Compiling synstructure v0.14.0
    Checking rand_core v0.9.5
    Checking strict-num v0.1.1
   Compiling regex-automata v0.4.18
    Checking ttf-parser v0.25.1
    Checking objc v0.2.7
    Checking lyon_geom v1.0.19
    Checking gpui-alloy-util v0.1.1
    Checking errno v0.3.14
   Compiling serde_spanned v1.1.1
   Compiling toml_datetime v1.1.1+spec-1.1.0
   Compiling pathfinder_simd v0.5.6
   Compiling libloading v0.8.9
   Compiling serde_derive v1.0.229
   Compiling zerofrom-derive v0.1.8
   Compiling yoke-derive v0.8.3
   Compiling zerovec-derive v0.11.6
   Compiling displaydoc v0.2.7
   Compiling zerocopy-derive v0.8.59
   Compiling foreign-types-macros v0.2.4
   Compiling futures-macro v0.3.34
    Checking polycool v0.4.0
   Compiling pulp v0.22.3
    Checking libbz2-rs-sys v0.2.5
   Compiling ref-cast v1.0.27
    Checking arrayref v0.3.9
   Compiling object v0.37.3
    Checking weezl v0.1.12
    Checking quick-error v2.0.1
    Checking foreign-types v0.5.0
   Compiling thiserror v2.0.21
    Checking byteorder v1.5.0
    Checking zune-core v0.5.3
    Checking sha1_smol v1.0.1
   Compiling shlex v2.0.1
   Compiling either v1.18.0
   Compiling bindgen v0.72.1
    Checking percent-encoding v2.3.2
   Compiling find-msvc-tools v0.1.14
    Checking zerofrom v0.1.8
   Compiling toml_writer v1.1.2+spec-1.1.0
    Checking form_urlencoded v1.2.2
    Checking futures-util v0.3.34
   Compiling itertools v0.13.0
   Compiling cc v1.5.1
    Checking uuid v1.26.1
    Checking zune-jpeg v0.5.15
   Compiling toml v1.1.6+spec-1.1.0
    Checking bzip2 v0.6.1
    Checking parking_lot v0.12.5
    Checking tiny-skia-path v0.11.4
    Checking gpui-alloy-collections v0.1.1
    Checking kurbo v0.13.1
   Compiling regex v1.13.1
    Checking core-graphics v0.24.0
   Compiling enumn v0.1.14
   Compiling pin-project-internal v1.1.13
   Compiling tracing-attributes v0.1.31
   Compiling thiserror-impl v2.0.21
   Compiling ref-cast-impl v1.0.27
    Checking yoke v0.8.3
    Checking lyon_path v1.0.19
   Compiling cexpr v0.6.0
   Compiling serde_derive_internals v0.30.0
    Checking sharded-slab v0.1.7
    Checking tracing-log v0.2.0
    Checking num-complex v0.4.6
   Compiling convert_case v0.10.0
    Checking memmap2 v0.9.11
    Checking thread_local v1.1.10
   Compiling toml_write v0.1.2
    Checking option-ext v0.2.0
   Compiling heck v0.5.0
    Checking tinyvec v1.13.3
    Checking siphasher v1.0.4
    Checking byteorder-lite v0.1.0
   Compiling heapless v0.9.3
    Checking nu-ansi-term v0.50.3
    Checking compression-core v0.4.33
    Checking bytes v1.12.1
    Checking unicode-bidi-mirroring v0.4.0
   Compiling unicode-xid v0.2.6
    Checking reborrow v0.5.5
   Compiling thiserror v1.0.69
    Checking unicode-properties v0.1.3
   Compiling winnow v0.7.15
    Checking unicode-script v0.5.8
    Checking leak v0.1.2
   Compiling shlex v1.3.0
    Checking gimli v0.32.3
   Compiling gpui-alloy-ztracing v0.1.1
   Compiling objc-sys v0.3.5
    Checking color_quant v1.1.0
    Checking pulp-wasm-simd-flag v0.1.1
    Checking bitflags v1.3.2
    Checking unicode-ccc v0.4.0
    Checking gif v0.14.2
    Checking png v0.17.16
    Checking rustybuzz v0.20.1
    Checking http v1.5.0
    Checking leaky-cow v0.1.1
   Compiling derive_more-impl v2.1.1
    Checking futures-executor v0.3.34
    Checking fontdb v0.23.0
    Checking futures v0.3.34
    Checking compression-codecs v0.4.43
    Checking tracing-subscriber v0.3.23
    Checking image-webp v0.2.4
    Checking addr2line v0.25.1
    Checking svgtypes v0.16.1
   Compiling schemars_derive v1.2.2
    Checking dirs-sys v0.5.0
    Checking tracing v0.1.44
    Checking pin-project v1.1.13
    Checking tempfile v3.27.0
    Checking chrono v0.4.45
   Compiling serde_spanned v0.6.9
   Compiling toml_datetime v0.6.11
   Compiling toml_edit v0.22.27
    Checking accesskit v0.24.1
    Checking zerovec v0.11.8
    Checking zerotrie v0.2.5
    Checking gpui-alloy-zlog v0.1.1
   Compiling embed-resource v3.0.11
    Checking rayon v1.12.0
    Checking hash32 v0.3.1
    Checking ppv-lite86 v0.2.21
    Checking half v2.7.1
   Compiling thiserror-impl v1.0.69
    Checking event-listener v5.4.2
    Checking rand_chacha v0.9.0
    Checking objc2-foundation v0.3.2
    Checking objc2-core-video v0.3.2
    Checking rand v0.9.5
    Checking simplecss v0.2.2
   Compiling convert_case v0.11.0
    Checking wait-timeout v0.2.1
    Checking cgl v0.3.2
    Checking spin v0.9.9
    Checking aho-corasick v1.1.5
    Checking roxmltree v0.21.1
    Checking zune-inflate v0.2.54
    Checking rustc-demangle v0.1.28
    Checking unicode-vo v0.1.0
    Checking fnv v1.0.7
    Checking pico-args v0.5.0
    Checking ryu v1.0.23
    Checking same-file v1.0.6
    Checking data-url v0.3.2
   Compiling gpui-alloy-font-kit v0.1.1
    Checking float_next_after v1.0.0
   Compiling cbindgen v0.28.0
    Checking dyn-clone v1.0.20
    Checking base64 v0.22.1
    Checking pxfm v0.1.30
    Checking fax v0.2.7
    Checking bit_field v0.10.3
    Checking bit-vec v0.8.0
    Checking xmlwriter v0.1.0
    Checking imagesize v0.14.0
    Checking lebe v0.5.3
    Checking unicode-bidi v0.3.18
    Checking quick-error v1.2.3
   Compiling gpui-alloy-ztracing-macro v0.1.1
    Checking rusty-fork v0.3.1
    Checking bit-set v0.8.0
    Checking tiff v0.11.3
   Compiling gpui-alloy v0.1.1
    Checking usvg v0.46.0
    Checking lyon_tessellation v1.0.22
    Checking walkdir v2.5.0
    Checking serde_urlencoded v0.7.1
    Checking backtrace v0.3.76
    Checking flume v0.12.0
    Checking io-surface v0.16.1
   Compiling proptest-macro v0.5.0
   Compiling toml v0.8.23
    Checking event-listener-strategy v0.5.4
    Checking moxcms v0.8.1
    Checking derive_more v2.1.1
   Compiling gpui-alloy-perf v0.1.1
    Checking dirs v6.0.0
    Checking pathfinder_geometry v0.5.1
    Checking async-compression v0.4.48
    Checking http-body v1.1.0
    Checking tiny-skia v0.11.4
   Compiling strum_macros v0.28.0
    Checking lyon_algorithms v1.0.21
    Checking core-text v21.0.0
    Checking metal v0.33.0
   Compiling gpui-alloy-derive-refineable v0.1.1
   Compiling profiling-procmacros v1.0.18
    Checking rand_xorshift v0.4.0
    Checking png v0.18.1
    Checking futures-lite v2.6.1
    Checking exr v1.74.2
    Checking core-graphics2 v0.5.2
    Checking concurrent-queue v2.5.0
    Checking crossbeam-queue v0.3.14
    Checking qoi v0.4.1
    Checking rgb v0.8.53
    Checking async-task v4.7.1
    Checking web-time v1.1.0
   Compiling heck v0.4.1
    Checking link-section v0.19.3
   Compiling linktime-proc-macro v0.2.3
    Checking fixedbitset v0.5.7
    Checking pollster v0.2.5
    Checking static_assertions v1.1.0
    Checking atomic v0.5.3
    Checking unarray v0.1.4
    Checking schemars v1.2.2
    Checking float-ord v0.3.2
    Checking svg_fmt v0.4.5
    Checking smol_str v0.3.6
    Checking proptest v1.10.0
    Checking futures-concurrency v7.7.1
    Checking etagere v0.2.15
    Checking resvg v0.46.0
    Checking gpui-alloy-scheduler v0.1.1
    Checking gpui-alloy-refineable v0.1.1
    Checking async-channel v2.5.0
    Checking profiling v1.0.18
    Checking strum v0.28.0
    Checking lyon v1.0.19
    Checking ctor v1.0.13
   Compiling gpui-alloy-util-macros v0.1.1
    Checking core-video v0.5.2
    Checking image v0.25.10
    Checking objc2 v0.5.2
   Compiling gpui-alloy-macros v0.1.1
    Checking taffy v0.13.0
    Checking tinystr v0.8.4
    Checking icu_locale_core v2.3.0
    Checking potential_utf v0.1.6
    Checking icu_collections v2.3.0
    Checking itertools v0.14.0
    Checking num_cpus v1.17.0
    Checking spin v0.10.1
    Checking inventory v0.3.24
    Checking icu_provider v2.3.1
    Checking waker-fn v1.2.0
    Checking pollster v0.4.0
    Checking seahash v4.1.0
    Checking raw-window-handle v0.6.2
    Checking foldhash v0.2.0
    Checking objc2-foundation v0.2.2
    Checking icu_normalizer v2.3.0
    Checking icu_properties v2.3.0
    Checking hashbrown v0.16.1
    Checking cocoa-foundation v0.2.1
    Checking objc2-core-location v0.3.2
    Checking objc2-app-kit v0.3.2
    Checking objc2-core-media v0.3.2
    Checking dispatch2 v0.3.1
    Checking accesskit_consumer v0.38.0
    Checking objc2-core-graphics v0.3.2
    Checking cocoa v0.26.0
    Checking objc2-user-notifications v0.3.2
    Checking postage v0.5.0
    Checking idna_adapter v1.2.2
    Checking objc2-screen-capture-kit v0.3.2
    Checking mach2 v0.5.0
    Checking idna v1.1.0
    Checking cupertino v0.1.0 (/private/tmp/cupertino-alloy-0.1.1/crates/cupertino)
    Checking url v2.5.8
    Checking objc2-app-kit v0.2.2
    Checking gpui-alloy-http-client v0.1.1
   Compiling gpui-alloy-apple v0.1.1
    Checking gpui-alloy-sum-tree v0.1.1
    Checking accesskit_macos v0.26.3
    Checking gpui-alloy-shared-string v0.1.1
    Checking gpui-cupertino v0.1.0 (/private/tmp/cupertino-alloy-0.1.1/crates/gpui-cupertino)
    Checking gpui-alloy-macos v0.1.1
    Checking gpui-alloy-platform v0.1.1
    Finished `dev` profile [unoptimized + debuginfo] target(s) in 32.03s
warning: the following packages contain code that will be rejected by a future version of Rust: block v0.1.6
note: to see what the problems were, use the option `--future-incompat-report`, or run `cargo report future-incompatibilities --id 1`
   Compiling cfg-if v1.0.5
   Compiling bitflags v2.13.2
   Compiling memchr v2.8.3
   Compiling smallvec v1.16.2
   Compiling simd-adler32 v0.3.10
   Compiling hashbrown v0.17.1
   Compiling equivalent v1.0.2
   Compiling core-foundation-sys v0.8.7
   Compiling adler2 v2.0.1
   Compiling objc2-encode v4.1.0
   Compiling serde_core v1.0.229
   Compiling libc v0.2.189
   Compiling typeid v1.0.3
   Compiling libm v0.2.16
   Compiling stable_deref_trait v1.2.1
   Compiling pin-project-lite v0.2.17
   Compiling zerofrom v0.1.8
   Compiling itoa v1.0.18
   Compiling arrayvec v0.7.8
   Compiling crossbeam-utils v0.8.23
   Compiling crc32fast v1.5.2
   Compiling miniz_oxide v0.9.1
   Compiling futures-core v0.3.34
   Compiling bytemuck v1.25.2
   Compiling zmij v1.0.23
   Compiling yoke v0.8.3
   Compiling rustc-hash v2.1.3
   Compiling zerocopy v0.8.59
   Compiling anyhow v1.0.104
   Compiling objc2 v0.6.4
   Compiling futures-io v0.3.34
   Compiling once_cell v1.21.4
   Compiling miniz_oxide v0.8.9
   Compiling futures-sink v0.3.34
   Compiling zerovec v0.11.8
   Compiling scopeguard v1.2.0
   Compiling writeable v0.6.4
   Compiling litemap v0.8.3
   Compiling zerotrie v0.2.5
   Compiling foreign-types-shared v0.3.1
   Compiling core-foundation v0.10.1
   Compiling getrandom v0.4.3
   Compiling lock_api v0.4.14
   Compiling utf8_iter v1.0.4
   Compiling unicode-segmentation v1.13.3
   Compiling flate2 v1.1.10
   Compiling fastrand v2.5.0
   Compiling foreign-types v0.5.0
   Compiling getrandom v0.3.4
   Compiling crossbeam-epoch v0.9.21
   Compiling futures-channel v0.3.34
   Compiling futures-task v0.3.34
   Compiling slab v0.4.12
   Compiling icu_properties_data v2.3.0
   Compiling icu_normalizer_data v2.3.0
   Compiling core-graphics-types v0.2.0
   Compiling num-traits v0.2.19
   Compiling core_maths v0.1.1
   Compiling tinystr v0.8.4
   Compiling potential_utf v0.1.6
   Compiling crossbeam-deque v0.8.8
   Compiling futures-util v0.3.34
   Compiling rand_core v0.9.5
   Compiling malloc_buf v0.0.6
   Compiling tracing-core v0.1.36
   Compiling iana-time-zone v0.1.65
   Compiling fdeflate v0.3.7
   Compiling block v0.1.6
   Compiling float-cmp v0.9.0
   Compiling lazy_static v1.5.0
   Compiling parking v2.2.1
   Compiling icu_locale_core v2.3.0
   Compiling icu_collections v2.3.0
   Compiling objc v0.2.7
   Compiling rayon-core v1.13.0
   Compiling strict-num v0.1.1
   Compiling nom v7.1.3
   Compiling ttf-parser v0.25.1
   Compiling slotmap v1.1.1
   Compiling parking_lot_core v0.9.12
   Compiling errno v0.3.14
   Compiling objc2-core-foundation v0.3.2
   Compiling block2 v0.6.2
   Compiling polycool v0.4.0
   Compiling euclid v0.22.14
   Compiling libloading v0.8.9
   Compiling arrayref v0.3.9
   Compiling weezl v0.1.12
   Compiling zune-core v0.5.3
   Compiling either v1.18.0
   Compiling byteorder v1.5.0
   Compiling percent-encoding v2.3.2
   Compiling quick-error v2.0.1
   Compiling sha1_smol v1.0.1
   Compiling libbz2-rs-sys v0.2.5
   Compiling form_urlencoded v1.2.2
   Compiling zune-jpeg v0.5.15
   Compiling kurbo v0.13.1
   Compiling clang-sys v1.9.1
   Compiling tiny-skia-path v0.11.4
   Compiling thiserror v2.0.21
   Compiling num-complex v0.4.6
   Compiling rustix v1.1.5
   Compiling parking_lot v0.12.5
   Compiling sharded-slab v0.1.7
   Compiling core-graphics v0.24.0
   Compiling erased-serde v0.4.10
   Compiling serde_fmt v1.1.0
   Compiling indexmap v2.14.2
   Compiling serde v1.0.229
   Compiling icu_provider v2.3.1
   Compiling lyon_geom v1.0.19
   Compiling toml_datetime v1.1.1+spec-1.1.0
   Compiling value-bag-serde1 v1.14.1
   Compiling serde_spanned v1.1.1
   Compiling bzip2 v0.6.1
   Compiling uuid v1.26.1
   Compiling value-bag v1.14.1
   Compiling convert_case v0.10.0
   Compiling icu_normalizer v2.3.0
   Compiling chrono v0.4.45
   Compiling icu_properties v2.3.0
   Compiling toml_datetime v0.6.11
   Compiling serde_spanned v0.6.9
   Compiling toml v1.1.6+spec-1.1.0
   Compiling cexpr v0.6.0
   Compiling lyon_path v1.0.19
   Compiling memmap2 v0.9.11
   Compiling log v0.4.34
   Compiling serde_json v1.0.151
   Compiling thread_local v1.1.10
   Compiling color_quant v1.1.0
   Compiling pulp-wasm-simd-flag v0.1.1
   Compiling bitflags v1.3.2
   Compiling byteorder-lite v0.1.0
   Compiling futures-executor v0.3.34
   Compiling unicode-script v0.5.8
   Compiling gimli v0.32.3
   Compiling gpui-alloy-util v0.1.1
   Compiling tracing-log v0.2.0
   Compiling tinyvec v1.13.3
   Compiling compression-core v0.4.33
   Compiling futures v0.3.34
   Compiling siphasher v1.0.4
   Compiling regex-syntax v0.8.11
   Compiling ppv-lite86 v0.2.21
   Compiling gpui-alloy-collections v0.1.1
   Compiling half v2.7.1
   Compiling unicode-bidi-mirroring v0.4.0
   Compiling nu-ansi-term v0.50.3
   Compiling bytes v1.12.1
   Compiling unicode-ccc v0.4.0
   Compiling reborrow v0.5.5
   Compiling unicode-properties v0.1.3
   Compiling option-ext v0.2.0
   Compiling leak v0.1.2
   Compiling toml_edit v0.22.27
   Compiling rand_chacha v0.9.0
   Compiling idna_adapter v1.2.2
   Compiling leaky-cow v0.1.1
   Compiling rustybuzz v0.20.1
   Compiling tracing-subscriber v0.3.23
   Compiling dirs-sys v0.5.0
   Compiling gpui-alloy-zlog v0.1.1
   Compiling idna v1.1.0
   Compiling rand v0.9.5
   Compiling pulp v0.22.3
   Compiling fontdb v0.23.0
   Compiling http v1.5.0
   Compiling embed-resource v3.0.11
   Compiling svgtypes v0.16.1
   Compiling bindgen v0.72.1
   Compiling compression-codecs v0.4.43
   Compiling image-webp v0.2.4
   Compiling simplecss v0.2.2
   Compiling gif v0.14.2
   Compiling png v0.17.16
   Compiling derive_more-impl v2.1.1
   Compiling pin-project v1.1.13
   Compiling ref-cast v1.0.27
   Compiling tracing v0.1.44
   Compiling accesskit v0.24.1
   Compiling tempfile v3.27.0
   Compiling objc2-core-video v0.3.2
   Compiling addr2line v0.25.1
   Compiling objc2-foundation v0.3.2
   Compiling pathfinder_simd v0.5.6
   Compiling object v0.37.3
   Compiling hash32 v0.3.1
   Compiling rayon v1.12.0
   Compiling event-listener v5.4.2
   Compiling convert_case v0.11.0
   Compiling spin v0.9.9
   Compiling cgl v0.3.2
   Compiling wait-timeout v0.2.1
   Compiling aho-corasick v1.1.5
   Compiling roxmltree v0.21.1
   Compiling zune-inflate v0.2.54
   Compiling data-url v0.3.2
   Compiling quick-error v1.2.3
   Compiling xmlwriter v0.1.0
   Compiling pxfm v0.1.30
   Compiling float_next_after v1.0.0
   Compiling base64 v0.22.1
   Compiling pico-args v0.5.0
   Compiling rustc-demangle v0.1.28
   Compiling same-file v1.0.6
   Compiling unicode-bidi v0.3.18
   Compiling lebe v0.5.3
   Compiling fnv v1.0.7
   Compiling imagesize v0.14.0
   Compiling fax v0.2.7
   Compiling bit_field v0.10.3
   Compiling unicode-vo v0.1.0
   Compiling ryu v1.0.23
   Compiling dyn-clone v1.0.20
   Compiling bit-vec v0.8.0
   Compiling usvg v0.46.0
   Compiling schemars v1.2.2
   Compiling tiff v0.11.3
   Compiling serde_urlencoded v0.7.1
   Compiling rusty-fork v0.3.1
   Compiling bit-set v0.8.0
   Compiling regex-automata v0.4.18
   Compiling gpui-alloy-ztracing v0.1.1
   Compiling walkdir v2.5.0
   Compiling lyon_tessellation v1.0.22
   Compiling proptest-macro v0.5.0
   Compiling thiserror v1.0.69
   Compiling flume v0.12.0
   Compiling event-listener-strategy v0.5.4
   Compiling io-surface v0.16.1
   Compiling heapless v0.9.3
   Compiling pathfinder_geometry v0.5.1
   Compiling toml v0.8.23
   Compiling tiny-skia v0.11.4
   Compiling http-body v1.1.0
   Compiling async-compression v0.4.48
   Compiling gpui-alloy-perf v0.1.1
   Compiling exr v1.74.2
   Compiling moxcms v0.8.1
   Compiling url v2.5.8
   Compiling objc-sys v0.3.5
   Compiling backtrace v0.3.76
   Compiling dirs v6.0.0
   Compiling derive_more v2.1.1
   Compiling metal v0.33.0
   Compiling lyon_algorithms v1.0.21
   Compiling core-text v21.0.0
   Compiling png v0.18.1
   Compiling futures-lite v2.6.1
   Compiling core-graphics2 v0.5.2
   Compiling rand_xorshift v0.4.0
   Compiling crossbeam-queue v0.3.14
   Compiling concurrent-queue v2.5.0
   Compiling qoi v0.4.1
   Compiling rgb v0.8.53
   Compiling async-task v4.7.1
   Compiling pollster v0.2.5
   Compiling smol_str v0.3.6
   Compiling static_assertions v1.1.0
   Compiling svg_fmt v0.4.5
   Compiling fixedbitset v0.5.7
   Compiling link-section v0.19.3
   Compiling float-ord v0.3.2
   Compiling atomic v0.5.3
   Compiling web-time v1.1.0
   Compiling unarray v0.1.4
   Compiling gpui-alloy-font-kit v0.1.1
   Compiling gpui-alloy-scheduler v0.1.1
   Compiling cbindgen v0.28.0
   Compiling etagere v0.2.15
   Compiling futures-concurrency v7.7.1
   Compiling proptest v1.10.0
   Compiling ctor v1.0.13
   Compiling postage v0.5.0
   Compiling gpui-alloy v0.1.1
   Compiling gpui-alloy-shared-string v0.1.1
   Compiling resvg v0.46.0
   Compiling gpui-alloy-http-client v0.1.1
   Compiling async-channel v2.5.0
   Compiling gpui-alloy-refineable v0.1.1
   Compiling profiling v1.0.18
   Compiling regex v1.13.1
   Compiling lyon v1.0.19
   Compiling strum v0.28.0
   Compiling objc2 v0.5.2
   Compiling gpui-alloy-util-macros v0.1.1
   Compiling gpui-alloy-sum-tree v0.1.1
   Compiling itertools v0.14.0
   Compiling taffy v0.13.0
   Compiling spin v0.10.1
   Compiling num_cpus v1.17.0
   Compiling pollster v0.4.0
   Compiling waker-fn v1.2.0
   Compiling raw-window-handle v0.6.2
   Compiling inventory v0.3.24
   Compiling seahash v4.1.0
   Compiling foldhash v0.2.0
   Compiling cocoa-foundation v0.2.1
   Compiling image v0.25.10
   Compiling objc2-foundation v0.2.2
   Compiling hashbrown v0.16.1
   Compiling objc2-core-location v0.3.2
   Compiling objc2-app-kit v0.3.2
   Compiling objc2-core-media v0.3.2
   Compiling objc2-core-graphics v0.3.2
   Compiling dispatch2 v0.3.1
   Compiling core-video v0.5.2
   Compiling cocoa v0.26.0
   Compiling accesskit_consumer v0.38.0
   Compiling objc2-user-notifications v0.3.2
   Compiling semver v1.0.28
   Compiling objc2-screen-capture-kit v0.3.2
   Compiling cupertino v0.1.0 (/private/tmp/cupertino-alloy-0.1.1/crates/cupertino)
   Compiling mach2 v0.5.0
   Compiling gpui-alloy-apple v0.1.1
   Compiling objc2-app-kit v0.2.2
   Compiling accesskit_macos v0.26.3
   Compiling gpui-cupertino v0.1.0 (/private/tmp/cupertino-alloy-0.1.1/crates/gpui-cupertino)
   Compiling gpui-alloy-macos v0.1.1
   Compiling gpui-alloy-platform v0.1.1
    Finished `test` profile [unoptimized + debuginfo] target(s) in 23.44s
warning: the following packages contain code that will be rejected by a future version of Rust: block v0.1.6
note: to see what the problems were, use the option `--future-incompat-report`, or run `cargo report future-incompatibilities --id 1`
     Running unittests src/lib.rs (/private/tmp/gpui-alloy-0.1.1-consumer-target/debug/deps/cupertino-1079d96b3f23368e)

running 4 tests
test materials::tests::clear_rejects_invalid_radii_without_reinterpreting_the_host_radius ... ok
test materials::tests::validation_preserves_independent_controls_and_rejects_invalid_numbers ... ok
test motion::tests::input_boundaries_never_produce_infinite_or_undamped_springs ... ok
test motion::tests::response_and_bounce_produce_expected_physical_motion ... ok

test result: ok. 4 passed; 0 failed; 0 ignored; 0 measured; 0 filtered out; finished in 0.00s

     Running unittests src/lib.rs (/private/tmp/gpui-alloy-0.1.1-consumer-target/debug/deps/gpui_cupertino-dda63b5b4815258f)

running 37 tests
test components::popover::tests::escape_closes_and_restores_trigger_focus ... ok
test components::panels_tests::inert_contract::inert_cancels_keyboard_and_pointer_presses_across_reenable ... ok
test components::popover::tests::outside_click_reaches_destination_and_preserves_its_focus ... ok
test components::panels_tests::inert_preserves_deferred_paint_and_removes_stale_focus_input ... ok
test components::panels_tests::inert_contract::cached_subtrees_rebuild_input_after_inert_transitions ... ok
test components::popover::tests::panel_paints_after_later_siblings ... ok
test components::progress::tests::progress_rejects_unknown_and_out_of_range_fractions ... ok
test components::split_view::tests::ratios_require_finite_values_and_fractional_ranges ... ok
test components::text_input::editing::tests::double_click_at_text_end_selects_the_last_word ... ok
test components::panels_tests::modal_contract::an_inert_trigger_cannot_paint_a_floating_hint_above_the_modal ... ok
test components::popover::tests::accessibility_reports_panel_focus_and_retains_identity_on_reopen ... ok
test components::text_input::editing::tests::grapheme_edits_and_reversed_selection_survive_undo ... ok
test components::text_input::editing::tests::ime_selection_uses_inserted_utf16_and_composition_is_one_undo ... ok
test components::text_input::editing::tests::utf16_ranges_clamp_without_splitting_surrogates_and_input_stays_single_line ... ok
test components::popover::tests::programmatic_close_does_not_steal_focus_after_it_leaves ... ok
test components::value_range::tests::range_rejects_invalid_inputs_and_preserves_both_endpoints ... ok
test components::popover::tests::panel_anchors_below_trigger_and_fits_after_resize ... ok
test materials::tests::outlines_fit_nonsquare_bounds_for_glass_and_opaque_accessibility ... ok
test components::panels_tests::identity_contract::sibling_panels_keep_distinct_child_identity_and_accessibility ... ok
test theme::tests::palettes_preserve_readable_text_and_visible_control_boundaries ... ok
test components::panels_tests::tooltip_honors_hover_delay_focus_escape_and_blur ... ok
test components::panels_tests::modal_contract::nested_modal_restores_the_actual_trigger_after_rebuilding_the_lower_tree ... ok
test components::popover::tests::trigger_toggle_and_inside_click_do_not_dismiss_early ... ok
test components::panels_tests::nested_panels_close_one_per_input_and_close_descendants_programmatically ... ok
test components::panels_tests::modal_excludes_background_input_and_accessibility_and_cycles_focus ... ok
test components::panels_tests::focus_contract::menus_without_enabled_items_close_on_tab_and_continue_traversal ... ok
test platform::tests::initialization_synchronizes_system_motion_without_glass ... ok
test components::popover::tests::glass_captures_window_content_before_painting_popover_content ... ok
test components::menu::tests::closed_menu_preserves_the_triggers_stretched_height ... ok
test materials::element_tests::child_layout_order_parent_clip_and_opacity_reach_the_scene_at_both_scales ... ok
test components::panels_tests::menu_skips_disabled_actions_wraps_and_restores_focus ... ok
test materials::element_tests::clear_retains_radius_layout_order_clip_opacity_and_accessibility ... ok
test materials::element_tests::accessibility_replaces_glass_without_changing_outline_clip_or_content ... ok
test components::tooltip::tests::hover_escape_dismisses_before_parent_handlers_and_waits_for_pointer_leave ... ok
test components::panels_tests::focus_contract::oversized_panels_reveal_the_tab_target ... ok
test components::tooltip::tests::hidden_or_unmounted_hints_do_not_intercept_and_explicit_user_bindings_win ... ok
test components::panels_tests::focus_contract::long_menu_end_and_home_reveal_the_selected_item ... ok

test result: ok. 37 passed; 0 failed; 0 ignored; 0 measured; 0 filtered out; finished in 0.03s

     Running tests/accessibility.rs (/private/tmp/gpui-alloy-0.1.1-consumer-target/debug/deps/accessibility-b211bed2fcc5284d)

running 1 test
test platform_accessibility_activation_and_actions_reach_the_rendered_view ... ok

test result: ok. 1 passed; 0 failed; 0 ignored; 0 measured; 0 filtered out; finished in 0.00s

     Running tests/backdrop.rs (/private/tmp/gpui-alloy-0.1.1-consumer-target/debug/deps/backdrop-d3cab7022bc02b2f)

running 7 tests
test highlight_keeps_its_logical_width_on_retina ... ok
test opaque_tint_replaces_background_without_changing_outside_pixels ... ok
test edge_bleed_reads_neighbor_color_and_preserves_interior_and_constant_fields ... ok
test optical_controls_displace_split_and_highlight_background_edges ... ok
test blur_reads_only_prior_background_and_obeys_output_clip ... ok
test blur_preserves_constant_fields_and_spreads_an_impulse_symmetrically ... ok
test identity_copy_preserves_grid_and_foreground_through_scale_clip_and_resize ... ok

test result: ok. 7 passed; 0 failed; 0 ignored; 0 measured; 0 filtered out; finished in 0.11s

     Running tests/button.rs (/private/tmp/gpui-alloy-0.1.1-consumer-target/debug/deps/button-b1494d12353b925b)

running 3 tests
test pointer_keyboard_and_accessibility_share_activation ... ok
test navigation_skips_disabled_buttons_and_cancels_an_interrupted_press ... ok
test disabling_during_a_press_cancels_activation ... ok

test result: ok. 3 passed; 0 failed; 0 ignored; 0 measured; 0 filtered out; finished in 0.01s

     Running tests/choice_controls.rs (/private/tmp/gpui-alloy-0.1.1-consumer-target/debug/deps/choice_controls-5253cdb7181c49ed)

running 6 tests
test radio_identity_survives_reorder_and_removed_focus_moves_without_changing_value ... ok
test unselected_and_all_disabled_radio_groups_do_not_trap_tab ... ok
test toggle_animates_value_changes_and_obeys_reduced_motion_in_flight ... ok
test pointer_keyboard_and_accessibility_preserve_boolean_and_mixed_values ... ok
test radio_navigation_wraps_skips_disabled_and_exposes_one_tab_stop ... ok
test disabling_choices_cancels_pending_activation_and_removes_tab_stops ... ok

test result: ok. 6 passed; 0 failed; 0 ignored; 0 measured; 0 filtered out; finished in 0.03s

     Running tests/choice_navigation.rs (/private/tmp/gpui-alloy-0.1.1-consumer-target/debug/deps/choice_navigation-ec58d63b78bb0e50)

running 1 test
test scoped_choice_actions_win_without_disabling_application_bindings ... ok

test result: ok. 1 passed; 0 failed; 0 ignored; 0 measured; 0 filtered out; finished in 0.01s

     Running tests/clear.rs (/private/tmp/gpui-alloy-0.1.1-consumer-target/debug/deps/clear-98d452880ab39e62)

running 2 tests
test small_radii_keep_constant_face_and_clipping_at_both_scales ... ok
test clear_matches_native_chromatic_spatial_and_edge_anchors ... ok

test result: ok. 2 passed; 0 failed; 0 ignored; 0 measured; 0 filtered out; finished in 0.89s

     Running tests/collections.rs (/private/tmp/gpui-alloy-0.1.1-consumer-target/debug/deps/collections-3ed5180a4b0902c7)

running 8 tests
test single_selection_ignores_toggle_and_range_modifiers ... ok
test filtered_reorder_preserves_hidden_rows_and_empty_results_allow_clearing_selection ... ok
test invalid_replacements_leave_rows_selection_and_sort_unchanged ... ok
test collection_and_resize_actions_override_ancestor_navigation_only_when_focused ... ok
test pointer_ranges_toggles_filtering_and_identity_replacement_preserve_selection ... ok
test drag_drop_and_accessible_reorder_move_selected_visible_rows_only ... ok
test table_sort_is_stable_and_resizing_handles_pointer_keyboard_and_accessibility ... ok
test ten_thousand_rows_are_virtual_and_offscreen_keyboard_focus_scrolls_into_view ... ok

test result: ok. 8 passed; 0 failed; 0 ignored; 0 measured; 0 filtered out; finished in 0.03s

     Running tests/color_management.rs (/private/tmp/gpui-alloy-0.1.1-consumer-target/debug/deps/color_management-c3e1ecab7a3da3ce)

running 1 test
test display_conversion_matches_public_colorsync_with_half_boundaries ... ok

test result: ok. 1 passed; 0 failed; 0 ignored; 0 measured; 0 filtered out; finished in 0.11s

     Running tests/composition.rs (/private/tmp/gpui-alloy-0.1.1-consumer-target/debug/deps/composition-0e753af3130437ba)

running 1 test
test overlapping_materials_capture_prior_results_in_order_after_background_changes_and_replay ... ok

test result: ok. 1 passed; 0 failed; 0 ignored; 0 measured; 0 filtered out; finished in 0.09s

     Running tests/continuous_corners.rs (/private/tmp/gpui-alloy-0.1.1-consumer-target/debug/deps/continuous_corners-534ae6b396df41a3)

running 3 tests
test continuous_border_keeps_foreground_order_clip_and_cached_replay ... ok
test tiny_radii_stay_finite_and_ancestor_opacity_remains_linear ... ok
test native_edges_and_opaque_surfaces_share_continuous_geometry_at_both_scales ... ok

test result: ok. 3 passed; 0 failed; 0 ignored; 0 measured; 0 filtered out; finished in 1.11s

     Running tests/layout.rs (/private/tmp/gpui-alloy-0.1.1-consumer-target/debug/deps/layout-537446ef755ad4ae)

running 3 tests
test changing_scroll_axes_resets_only_the_excluded_offset ... ok
test vertical_viewport_excludes_horizontal_actions_and_validation_alert_tracks_state ... ok
test keyboard_and_accessibility_scroll_clamp_and_leave_child_keys_alone ... ok

test result: ok. 3 passed; 0 failed; 0 ignored; 0 measured; 0 filtered out; finished in 0.03s

     Running tests/motion.rs (/private/tmp/gpui-alloy-0.1.1-consumer-target/debug/deps/motion-8038f376dc01e590)

running 3 tests
test enabling_reduced_motion_in_flight_snaps_and_does_not_restore_old_velocity ... ok
test reversal_preserves_position_and_momentum_then_stops_requesting_frames ... ok
test matching_times_match_at_sixty_and_one_twenty_hz_including_a_dropped_frame ... ok

test result: ok. 3 passed; 0 failed; 0 ignored; 0 measured; 0 filtered out; finished in 0.01s

     Running tests/navigation.rs (/private/tmp/gpui-alloy-0.1.1-consumer-target/debug/deps/navigation-234834f226a49491)

running 4 tests
test unknown_tab_selection_mounts_no_panel_and_keyboard_recovers_from_first_enabled_tab ... ok
test tabs_namespace_identical_scroll_area_ids_without_leaking_scroll_offset ... ok
test tabs_mount_only_selection_and_skip_disabled_keyboard_and_accessibility_targets ... ok
test sidebar_selection_uses_vertical_navigation_and_disabling_removes_actions ... ok

test result: ok. 4 passed; 0 failed; 0 ignored; 0 measured; 0 filtered out; finished in 0.03s

     Running tests/numeric_reference.rs (/private/tmp/gpui-alloy-0.1.1-consumer-target/debug/deps/numeric_reference-ffedc2cd1983adf9)

running 3 tests
test fractional_straight_edges_cover_intersected_pixel_cells ... ok
test color_and_opacity_compose_once_in_linear_light ... ok
test gaussian_impulses_and_steps_match_an_integrated_reference ... ok

test result: ok. 3 passed; 0 failed; 0 ignored; 0 measured; 0 filtered out; finished in 0.38s

     Running tests/optical_reference.rs (/private/tmp/gpui-alloy-0.1.1-consumer-target/debug/deps/optical_reference-a96c98a7a5ff1029)

running 1 test
test signed_refraction_samples_the_expected_source_coordinate ... ok

test result: ok. 1 passed; 0 failed; 0 ignored; 0 measured; 0 filtered out; finished in 0.11s

     Running tests/scene.rs (/private/tmp/gpui-alloy-0.1.1-consumer-target/debug/deps/scene-056b94724098ef9c)

running 5 tests
test backdrop_keeps_antialias_fringe_inside_clip ... ok
test fully_clipped_backdrop_does_not_create_a_barrier ... ok
test empty_backdrop_does_not_create_a_barrier ... ok
test backdrop_captures_all_preceding_disjoint_primitives ... ok
test backdrop_rebases_nested_layers_and_replayed_operations ... ok

test result: ok. 5 passed; 0 failed; 0 ignored; 0 measured; 0 filtered out; finished in 0.00s

     Running tests/scroll_focus.rs (/private/tmp/gpui-alloy-0.1.1-consumer-target/debug/deps/scroll_focus-245724e0ef373088)

running 4 tests
test deferred_descendants_do_not_scroll_the_background ... ok
test nested_scroll_areas_resolve_inner_geometry_before_revealing_the_outer_target ... ok
test inert_descendants_do_not_create_focus_reveal_targets ... ok
test tab_reveals_a_cached_descendant_minimally_and_wheel_scrolling_stays_free ... ok

test result: ok. 4 passed; 0 failed; 0 ignored; 0 measured; 0 filtered out; finished in 0.02s

     Running tests/split_view.rs (/private/tmp/gpui-alloy-0.1.1-consumer-target/debug/deps/split_view-72d72126af860afc)

running 4 tests
test collapsed_panes_leave_focus_and_accessibility_and_requests_remain_controlled ... ok
test splitter_key_scope_precedes_a_conflicting_global_action ... ok
test divider_uses_remaining_extent_and_resizes_outside_both_orientations ... ok
test keyboard_and_accessibility_resize_and_disabled_drag_cannot_resume ... ok

test result: ok. 4 passed; 0 failed; 0 ignored; 0 measured; 0 filtered out; finished in 0.02s

     Running tests/text_input.rs (/private/tmp/gpui-alloy-0.1.1-consumer-target/debug/deps/text_input-0c4b3aff7bae1f0d)

running 7 tests
test ime_geometry_uses_current_unicode_text_before_the_next_frame ... ok
test pointer_selection_continues_outside_the_field_and_stops_on_release ... ok
test caret_geometry_accounts_for_parent_offset_and_horizontal_scroll ... ok
test double_click_selects_the_hit_word_at_its_trailing_edge ... ok
test platform_composition_uses_relative_utf16_selection_and_one_undo ... ok
test readonly_and_disabled_inputs_reject_edits_and_expose_accessible_state ... ok
test keyboard_edits_graphemes_clipboard_history_and_events ... ok

test result: ok. 7 passed; 0 failed; 0 ignored; 0 measured; 0 filtered out; finished in 0.02s

     Running tests/value_controls.rs (/private/tmp/gpui-alloy-0.1.1-consumer-target/debug/deps/value_controls-27f0ccfd7f30074b)

running 7 tests
test removed_listener_cancels_drag_before_listener_is_restored ... ok
test stepper_has_one_tab_stop_and_disables_each_boundary_action ... ok
test segmented_selection_skips_disabled_options_and_exposes_radio_states ... ok
test numeric_key_scope_takes_precedence_over_global_navigation ... ok
test slider_drag_survives_renders_and_cancels_outside_and_on_disable ... ok
test slider_keyboard_and_accessibility_share_bounds_and_quantization ... ok
test progress_exposes_busy_value_and_stops_hidden_or_reduced_motion_frames ... ok

test result: ok. 7 passed; 0 failed; 0 ignored; 0 measured; 0 filtered out; finished in 0.03s

     Running unittests examples/collections.rs (/private/tmp/gpui-alloy-0.1.1-consumer-target/debug/examples/collections-b0200c0f113f0d00)

running 1 test
test tests::search_input_filters_both_views_and_list_selection_updates_detail ... ok

test result: ok. 1 passed; 0 failed; 0 ignored; 0 measured; 0 filtered out; finished in 0.04s

     Running unittests examples/components.rs (/private/tmp/gpui-alloy-0.1.1-consumer-target/debug/examples/components-21b708204b5a6e32)

running 1 test
test tests::note_submission_save_and_revert_use_the_showcase_entities ... ok

test result: ok. 1 passed; 0 failed; 0 ignored; 0 measured; 0 filtered out; finished in 0.18s

     Running unittests examples/detail.rs (/private/tmp/gpui-alloy-0.1.1-consumer-target/debug/examples/detail-2817257424bd927f)

running 1 test
test tests::edit_save_and_nested_cancel_preserve_the_project_and_restore_focus ... ok

test result: ok. 1 passed; 0 failed; 0 ignored; 0 measured; 0 filtered out; finished in 0.04s

   Doc-tests cupertino

running 0 tests

test result: ok. 0 passed; 0 failed; 0 ignored; 0 measured; 0 filtered out; finished in 0.00s

   Doc-tests gpui_cupertino

running 2 tests
test crates/gpui-cupertino/src/components/popover.rs - components::popover (line 3) - compile ... ok
test crates/gpui-cupertino/src/components/button.rs - components::button::Button (line 16) ... ok

test result: ok. 2 passed; 0 failed; 0 ignored; 0 measured; 0 filtered out; finished in 0.03s

all doctests ran in 1.21s; merged doctests compilation took 0.66s
