• Validating lock
✓ Validating lock in 570µs
• Configuring shell
• Configuring cachix
✓ Configuring cachix in 2.59ms
• Evaluating shell
✓ Evaluating shell in 31.5ms (cached)
✓ Configuring shell in 37.3ms
• Loading tasks
• Evaluating devenv.config.task.config
✓ Evaluating devenv.config.task.config in 654µs (cached)
✓ Loading tasks in 1.77ms
• Running tasks
• Running devenv:files:cleanup
✓ Running devenv:files:cleanup in 12.7ms
• Running devenv:enterShell
✓ Running devenv:enterShell in 19.1ms
• Running devenv:enterTest
✓ Running devenv:enterTest in 13.5µs (no command)
✓ Running tasks in 32.0ms
✨ devenv 2.1.2 is out of date. Please update to 2.4.0: https://devenv.sh/getting-started/#installation
    Updating crates.io index
     Locking 824 packages to latest Rust 1.98.1 compatible versions
      Adding cocoa v0.26.0 (available: v0.26.1)
      Adding generic-array v0.14.7 (available: v0.14.9)
      Adding unicode-properties v0.1.3 (available: v0.1.4)
Verified all 31 Alloy packages against frozen registry identities and checksums.
