• Validating lock
✓ Validating lock in 2.83ms
• Configuring shell
• Configuring cachix
✓ Configuring cachix in 2.98ms
• Evaluating shell
✓ Evaluating shell in 82.2ms (cached)
✓ Configuring shell in 91.0ms
• Loading tasks
• Evaluating devenv.config.task.config
✓ Evaluating devenv.config.task.config in 581µs (cached)
✓ Loading tasks in 2.41ms
• Running tasks
• Running devenv:files:cleanup
✓ Running devenv:files:cleanup in 17.0ms
• Running devenv:enterShell
✓ Running devenv:enterShell in 20.0ms
• Running devenv:enterTest
✓ Running devenv:enterTest in 5.67µs (no command)
✓ Running tasks in 37.3ms
✨ devenv 2.1.2 is out of date. Please update to 2.4.0: https://devenv.sh/getting-started/#installation
     Removed 6154 files, 2.7GiB total
   Compiling gpui-alloy-collections v0.1.1
   Compiling gpui-alloy-zlog v0.1.1
   Compiling gpui-alloy-perf v0.1.1
   Compiling gpui-alloy-ztracing v0.1.1
   Compiling gpui-alloy-util-macros v0.1.1
   Compiling gpui-alloy-sum-tree v0.1.1
   Compiling gpui-alloy v0.1.1
   Compiling gpui-alloy-apple v0.1.1
   Compiling gpui-cupertino v0.1.0 (/Users/Xuan/Developer/AprilNEA/gpui-cupertino/crates/gpui-cupertino)
   Compiling gpui-alloy-macos v0.1.1
   Compiling gpui-alloy-platform v0.1.1
    Finished `test` profile [unoptimized + debuginfo] target(s) in 15.09s
warning: the following packages contain code that will be rejected by a future version of Rust: block v0.1.6
note: to see what the problems were, use the option `--future-incompat-report`, or run `cargo report future-incompatibilities --id 1`
     Running tests/focus_paint.rs (/private/tmp/gpui-alloy-0.1.1-consumer-target/debug/deps/focus_paint-fa3b4d9b74abec16)

running 1 test
test keyboard_focus_preserves_content_and_remains_visible_on_every_edge ... ok

test result: ok. 1 passed; 0 failed; 0 ignored; 0 measured; 0 filtered out; finished in 0.26s

