• Validating lock
✓ Validating lock in 381µs
• Configuring shell
• Configuring cachix
✓ Configuring cachix in 9.73ms
• Evaluating shell
✓ Evaluating shell in 831ms (cached)
✓ Configuring shell in 852ms
• Loading tasks
• Evaluating devenv.config.task.config
✓ Evaluating devenv.config.task.config in 642µs (cached)
✓ Loading tasks in 1.33ms
• Running tasks
• Running devenv:files:cleanup
✓ Running devenv:files:cleanup in 11.5ms
• Running devenv:enterShell
✓ Running devenv:enterShell in 17.4ms
• Running devenv:enterTest
✓ Running devenv:enterTest in 18.8µs (no command)
✓ Running tasks in 29.1ms
✨ devenv 2.1.2 is out of date. Please update to 2.4.0: https://devenv.sh/getting-started/#installation
    Finished `test` profile [unoptimized + debuginfo] target(s) in 0.44s
warning: the following packages contain code that will be rejected by a future version of Rust: block v0.1.6
note: to see what the problems were, use the option `--future-incompat-report`, or run `cargo report future-incompatibilities --id 1`
     Running tests/focus_paint.rs (/private/tmp/gpui-alloy-0.1.1-consumer-target/debug/deps/focus_paint-fa3b4d9b74abec16)

running 1 test
test keyboard_focus_preserves_content_and_remains_visible_on_every_edge ... FAILED

failures:

---- keyboard_focus_preserves_content_and_remains_visible_on_every_edge stdout ----

thread 'keyboard_focus_preserves_content_and_remains_visible_on_every_edge' (1118524) panicked at crates/gpui-cupertino/tests/focus_paint.rs:153:17:
assertion `left == right` failed: TransparentButton focus must preserve interior pixel (272, 48)
  left: Rgba([0, 102, 204, 255])
 right: Rgba([242, 237, 224, 255])
note: run with `RUST_BACKTRACE=1` environment variable to display a backtrace


failures:
    keyboard_focus_preserves_content_and_remains_visible_on_every_edge

test result: FAILED. 0 passed; 1 failed; 0 ignored; 0 measured; 0 filtered out; finished in 0.06s

error: test failed, to rerun pass `-p gpui-cupertino --test focus_paint`
