    Updating crates.io index
error: could not find `gpui-alloy-async-process@0.1.1` in registry `https://github.com/rust-lang/crates.io-index`
   Packaging gpui-alloy-async-process v0.1.1 (/private/tmp/gpui-alloy-0.1.1-candidate/external/gpui-alloy-async-process)
    Updating crates.io index
    Packaged 18 files, 121.2KiB (30.8KiB compressed)
   Verifying gpui-alloy-async-process v0.1.1 (/private/tmp/gpui-alloy-0.1.1-candidate/external/gpui-alloy-async-process)
   Compiling gpui-alloy-async-process v0.1.1 (/private/tmp/gpui-alloy-0.1.1-package-target/package/gpui-alloy-async-process-0.1.1)
    Finished `dev` profile [unoptimized + debuginfo] target(s) in 0.74s
    Updating crates.io index
   Packaging gpui-alloy-async-process v0.1.1 (/private/tmp/gpui-alloy-0.1.1-candidate/external/gpui-alloy-async-process)
    Updating crates.io index
    Packaged 18 files, 121.2KiB (30.8KiB compressed)
   Verifying gpui-alloy-async-process v0.1.1 (/private/tmp/gpui-alloy-0.1.1-candidate/external/gpui-alloy-async-process)
   Compiling gpui-alloy-async-process v0.1.1 (/private/tmp/gpui-alloy-0.1.1-package-target/package/gpui-alloy-async-process-0.1.1)
    Finished `dev` profile [unoptimized + debuginfo] target(s) in 1.01s
   Uploading gpui-alloy-async-process v0.1.1 (/private/tmp/gpui-alloy-0.1.1-candidate/external/gpui-alloy-async-process)
    Uploaded gpui-alloy-async-process v0.1.1 to registry `crates-io`
note: waiting for gpui-alloy-async-process v0.1.1 to be available at registry `crates-io`
help: you may press ctrl-c to skip waiting; the crate should be available shortly
   Published gpui-alloy-async-process v0.1.1 at registry `crates-io`
    Updating crates.io index
 Downloading crates ...
  Downloaded gpui-alloy-async-process v0.1.1
gpui-alloy-async-process #process #spawn #command #subprocess #child
Async interface for working with processes
version: 0.1.1
license: Apache-2.0 OR MIT
rust-version: 1.71
documentation: https://docs.rs/gpui-alloy-async-process/0.1.1
repository: https://github.com/AprilNEA/gpui-alloy
crates.io: https://crates.io/crates/gpui-alloy-async-process/0.1.1
features:
  tracing = [dep:tracing]
