    Updating crates.io index
error: could not find `gpui-alloy-reqwest-client@0.1.1` in registry `https://github.com/rust-lang/crates.io-index`
   Packaging gpui-alloy-reqwest-client v0.1.1 (/private/tmp/gpui-alloy-0.1.1-candidate/crates/reqwest_client)
    Updating crates.io index
    Packaged 6 files, 97.8KiB (28.5KiB compressed)
   Verifying gpui-alloy-reqwest-client v0.1.1 (/private/tmp/gpui-alloy-0.1.1-candidate/crates/reqwest_client)
   Compiling gpui-alloy-http-client-tls v0.1.1
   Compiling gpui-alloy-http-client v0.1.1
   Compiling gpui-alloy-reqwest v0.1.1
   Compiling gpui-alloy-reqwest-client v0.1.1 (/private/tmp/gpui-alloy-0.1.1-package-target/package/gpui-alloy-reqwest-client-0.1.1)
    Finished `dev` profile [unoptimized + debuginfo] target(s) in 3.43s
    Updating crates.io index
   Packaging gpui-alloy-reqwest-client v0.1.1 (/private/tmp/gpui-alloy-0.1.1-candidate/crates/reqwest_client)
    Updating crates.io index
    Packaged 6 files, 97.8KiB (28.5KiB compressed)
   Verifying gpui-alloy-reqwest-client v0.1.1 (/private/tmp/gpui-alloy-0.1.1-candidate/crates/reqwest_client)
   Compiling gpui-alloy-reqwest-client v0.1.1 (/private/tmp/gpui-alloy-0.1.1-package-target/package/gpui-alloy-reqwest-client-0.1.1)
    Finished `dev` profile [unoptimized + debuginfo] target(s) in 2.69s
   Uploading gpui-alloy-reqwest-client v0.1.1 (/private/tmp/gpui-alloy-0.1.1-candidate/crates/reqwest_client)
    Uploaded gpui-alloy-reqwest-client v0.1.1 to registry `crates-io`
note: waiting for gpui-alloy-reqwest-client v0.1.1 to be available at registry `crates-io`
help: you may press ctrl-c to skip waiting; the crate should be available shortly
   Published gpui-alloy-reqwest-client v0.1.1 at registry `crates-io`
    Updating crates.io index
 Downloading crates ...
  Downloaded gpui-alloy-reqwest-client v0.1.1
gpui-alloy-reqwest-client
GPUI Alloy distribution of reqwest_client
version: 0.1.1
license: Apache-2.0
rust-version: unknown
documentation: https://docs.rs/gpui-alloy-reqwest-client/0.1.1
repository: https://github.com/AprilNEA/gpui-alloy
crates.io: https://crates.io/crates/gpui-alloy-reqwest-client/0.1.1
features:
  test-support = []
