    Updating crates.io index
error: could not find `gpui-alloy-sum-tree@0.1.1` in registry `https://github.com/rust-lang/crates.io-index`
   Packaging gpui-alloy-sum-tree v0.1.1 (/private/tmp/gpui-alloy-0.1.1-candidate/crates/sum_tree)
    Updating crates.io index
    Packaged 9 files, 153.8KiB (32.1KiB compressed)
   Verifying gpui-alloy-sum-tree v0.1.1 (/private/tmp/gpui-alloy-0.1.1-candidate/crates/sum_tree)
   Compiling gpui-alloy-ztracing v0.1.1
   Compiling gpui-alloy-sum-tree v0.1.1 (/private/tmp/gpui-alloy-0.1.1-package-target/package/gpui-alloy-sum-tree-0.1.1)
    Finished `dev` profile [unoptimized + debuginfo] target(s) in 4.27s
    Updating crates.io index
   Packaging gpui-alloy-sum-tree v0.1.1 (/private/tmp/gpui-alloy-0.1.1-candidate/crates/sum_tree)
    Updating crates.io index
    Packaged 9 files, 153.8KiB (32.1KiB compressed)
   Verifying gpui-alloy-sum-tree v0.1.1 (/private/tmp/gpui-alloy-0.1.1-candidate/crates/sum_tree)
   Compiling gpui-alloy-sum-tree v0.1.1 (/private/tmp/gpui-alloy-0.1.1-package-target/package/gpui-alloy-sum-tree-0.1.1)
    Finished `dev` profile [unoptimized + debuginfo] target(s) in 2.15s
   Uploading gpui-alloy-sum-tree v0.1.1 (/private/tmp/gpui-alloy-0.1.1-candidate/crates/sum_tree)
    Uploaded gpui-alloy-sum-tree v0.1.1 to registry `crates-io`
note: waiting for gpui-alloy-sum-tree v0.1.1 to be available at registry `crates-io`
help: you may press ctrl-c to skip waiting; the crate should be available shortly
   Published gpui-alloy-sum-tree v0.1.1 at registry `crates-io`
    Updating crates.io index
 Downloading crates ...
  Downloaded gpui-alloy-sum-tree v0.1.1
gpui-alloy-sum-tree
A sum tree data structure, a concurrency-friendly B-tree
version: 0.1.1
license: Apache-2.0
rust-version: unknown
documentation: https://docs.rs/gpui-alloy-sum-tree/0.1.1
repository: https://github.com/AprilNEA/gpui-alloy
crates.io: https://crates.io/crates/gpui-alloy-sum-tree/0.1.1
features:
  proptest     = [dep:proptest]
  test-support = [proptest]
