    Updating crates.io index
error: could not find `gpui-alloy-collections@0.1.1` in registry `https://github.com/rust-lang/crates.io-index`
   Packaging gpui-alloy-collections v0.1.1 (/private/tmp/gpui-alloy-0.1.1-candidate/crates/collections)
    Updating crates.io index
    Packaged 8 files, 38.9KiB (11.7KiB compressed)
   Verifying gpui-alloy-collections v0.1.1 (/private/tmp/gpui-alloy-0.1.1-candidate/crates/collections)
   Compiling gpui-alloy-util v0.1.1
   Compiling gpui-alloy-collections v0.1.1 (/private/tmp/gpui-alloy-0.1.1-package-target/package/gpui-alloy-collections-0.1.1)
    Finished `dev` profile [unoptimized + debuginfo] target(s) in 2.31s
    Updating crates.io index
   Packaging gpui-alloy-collections v0.1.1 (/private/tmp/gpui-alloy-0.1.1-candidate/crates/collections)
    Updating crates.io index
    Packaged 8 files, 38.9KiB (11.7KiB compressed)
   Verifying gpui-alloy-collections v0.1.1 (/private/tmp/gpui-alloy-0.1.1-candidate/crates/collections)
   Compiling gpui-alloy-collections v0.1.1 (/private/tmp/gpui-alloy-0.1.1-package-target/package/gpui-alloy-collections-0.1.1)
    Finished `dev` profile [unoptimized + debuginfo] target(s) in 1.74s
   Uploading gpui-alloy-collections v0.1.1 (/private/tmp/gpui-alloy-0.1.1-candidate/crates/collections)
    Uploaded gpui-alloy-collections v0.1.1 to registry `crates-io`
note: waiting for gpui-alloy-collections v0.1.1 to be available at registry `crates-io`
help: you may press ctrl-c to skip waiting; the crate should be available shortly
   Published gpui-alloy-collections v0.1.1 at registry `crates-io`
    Updating crates.io index
 Downloading crates ...
  Downloaded gpui-alloy-collections v0.1.1
gpui-alloy-collections
Standard collection types used by Zed and GPUI
version: 0.1.1
license: Apache-2.0
rust-version: unknown
documentation: https://docs.rs/gpui-alloy-collections/0.1.1
repository: https://github.com/AprilNEA/gpui-alloy
crates.io: https://crates.io/crates/gpui-alloy-collections/0.1.1
features:
  test-support = []
