    Updating crates.io index
error: could not find `gpui-alloy-scheduler@0.1.1` in registry `https://github.com/rust-lang/crates.io-index`
   Packaging gpui-alloy-scheduler v0.1.1 (/private/tmp/gpui-alloy-0.1.1-candidate/crates/scheduler)
    Updating crates.io index
    Packaged 10 files, 139.5KiB (34.6KiB compressed)
   Verifying gpui-alloy-scheduler v0.1.1 (/private/tmp/gpui-alloy-0.1.1-candidate/crates/scheduler)
   Compiling gpui-alloy-scheduler v0.1.1 (/private/tmp/gpui-alloy-0.1.1-package-target/package/gpui-alloy-scheduler-0.1.1)
    Finished `dev` profile [unoptimized + debuginfo] target(s) in 1.54s
    Updating crates.io index
   Packaging gpui-alloy-scheduler v0.1.1 (/private/tmp/gpui-alloy-0.1.1-candidate/crates/scheduler)
    Updating crates.io index
    Packaged 10 files, 139.5KiB (34.6KiB compressed)
   Verifying gpui-alloy-scheduler v0.1.1 (/private/tmp/gpui-alloy-0.1.1-candidate/crates/scheduler)
   Compiling gpui-alloy-scheduler v0.1.1 (/private/tmp/gpui-alloy-0.1.1-package-target/package/gpui-alloy-scheduler-0.1.1)
    Finished `dev` profile [unoptimized + debuginfo] target(s) in 1.10s
   Uploading gpui-alloy-scheduler v0.1.1 (/private/tmp/gpui-alloy-0.1.1-candidate/crates/scheduler)
    Uploaded gpui-alloy-scheduler v0.1.1 to registry `crates-io`
note: waiting for gpui-alloy-scheduler v0.1.1 to be available at registry `crates-io`
help: you may press ctrl-c to skip waiting; the crate should be available shortly
   Published gpui-alloy-scheduler v0.1.1 at registry `crates-io`
    Updating crates.io index
 Downloading crates ...
  Downloaded gpui-alloy-scheduler v0.1.1
gpui-alloy-scheduler
GPUI Alloy distribution of scheduler
version: 0.1.1
license: Apache-2.0
rust-version: unknown
documentation: https://docs.rs/gpui-alloy-scheduler/0.1.1
repository: https://github.com/AprilNEA/gpui-alloy
crates.io: https://crates.io/crates/gpui-alloy-scheduler/0.1.1
features:
  test-support = []
  wasm-threads = [dep:wasm_thread, flume/spin]
