    Updating crates.io index
error: could not find `gpui-alloy-path@0.1.1` in registry `https://github.com/rust-lang/crates.io-index`
   Packaging gpui-alloy-path v0.1.1 (/private/tmp/gpui-alloy-0.1.1-candidate/crates/path)
    Updating crates.io index
    Packaged 8 files, 82.8KiB (19.7KiB compressed)
   Verifying gpui-alloy-path v0.1.1 (/private/tmp/gpui-alloy-0.1.1-candidate/crates/path)
   Compiling gpui-alloy-path v0.1.1 (/private/tmp/gpui-alloy-0.1.1-package-target/package/gpui-alloy-path-0.1.1)
    Finished `dev` profile [unoptimized + debuginfo] target(s) in 0.73s
    Updating crates.io index
   Packaging gpui-alloy-path v0.1.1 (/private/tmp/gpui-alloy-0.1.1-candidate/crates/path)
    Updating crates.io index
    Packaged 8 files, 82.8KiB (19.7KiB compressed)
   Verifying gpui-alloy-path v0.1.1 (/private/tmp/gpui-alloy-0.1.1-candidate/crates/path)
   Compiling gpui-alloy-path v0.1.1 (/private/tmp/gpui-alloy-0.1.1-package-target/package/gpui-alloy-path-0.1.1)
    Finished `dev` profile [unoptimized + debuginfo] target(s) in 0.95s
   Uploading gpui-alloy-path v0.1.1 (/private/tmp/gpui-alloy-0.1.1-candidate/crates/path)
    Uploaded gpui-alloy-path v0.1.1 to registry `crates-io`
note: waiting for gpui-alloy-path v0.1.1 to be available at registry `crates-io`
help: you may press ctrl-c to skip waiting; the crate should be available shortly
   Published gpui-alloy-path v0.1.1 at registry `crates-io`
    Updating crates.io index
 Downloading crates ...
  Downloaded gpui-alloy-path v0.1.1
gpui-alloy-path
GPUI Alloy distribution of path
version: 0.1.1
license: Apache-2.0
rust-version: unknown
documentation: https://docs.rs/gpui-alloy-path/0.1.1
repository: https://github.com/AprilNEA/gpui-alloy
crates.io: https://crates.io/crates/gpui-alloy-path/0.1.1
features:
  serde        = [dep:serde]
  test-support = []
