    Updating crates.io index
error: could not find `gpui-alloy-web@0.1.1` in registry `https://github.com/rust-lang/crates.io-index`
   Packaging gpui-alloy-web v0.1.1 (/private/tmp/gpui-alloy-0.1.1-candidate/crates/gpui_web)
    Updating crates.io index
    Packaged 21 files, 397.7KiB (100.2KiB compressed)
   Verifying gpui-alloy-web v0.1.1 (/private/tmp/gpui-alloy-0.1.1-candidate/crates/gpui_web)
   Compiling gpui-alloy-web v0.1.1 (/private/tmp/gpui-alloy-0.1.1-package-target/package/gpui-alloy-web-0.1.1)
    Finished `dev` profile [unoptimized + debuginfo] target(s) in 4.73s
    Updating crates.io index
   Packaging gpui-alloy-web v0.1.1 (/private/tmp/gpui-alloy-0.1.1-candidate/crates/gpui_web)
    Updating crates.io index
    Packaged 21 files, 397.7KiB (100.2KiB compressed)
   Verifying gpui-alloy-web v0.1.1 (/private/tmp/gpui-alloy-0.1.1-candidate/crates/gpui_web)
   Compiling gpui-alloy-web v0.1.1 (/private/tmp/gpui-alloy-0.1.1-package-target/package/gpui-alloy-web-0.1.1)
    Finished `dev` profile [unoptimized + debuginfo] target(s) in 4.14s
   Uploading gpui-alloy-web v0.1.1 (/private/tmp/gpui-alloy-0.1.1-candidate/crates/gpui_web)
    Uploaded gpui-alloy-web v0.1.1 to registry `crates-io`
note: waiting for gpui-alloy-web v0.1.1 to be available at registry `crates-io`
help: you may press ctrl-c to skip waiting; the crate should be available shortly
   Published gpui-alloy-web v0.1.1 at registry `crates-io`
    Updating crates.io index
 Downloading crates ...
  Downloaded gpui-alloy-web v0.1.1
gpui-alloy-web
GPUI Alloy distribution of gpui_web
version: 0.1.1
license: Apache-2.0
rust-version: unknown
documentation: https://docs.rs/gpui-alloy-web/0.1.1
repository: https://github.com/AprilNEA/gpui-alloy
crates.io: https://crates.io/crates/gpui-alloy-web/0.1.1
features:
 +default       = [multithreaded]
  multithreaded = [dep:wasm_thread, scheduler/wasm-threads]
