    Updating crates.io index
error: could not find `gpui-alloy-smol@0.1.1` in registry `https://github.com/rust-lang/crates.io-index`
   Packaging gpui-alloy-smol v0.1.1 (/private/tmp/gpui-alloy-0.1.1-candidate/external/gpui-alloy-smol)
    Updating crates.io index
    Packaged 36 files, 334.1KiB (256.9KiB compressed)
   Verifying gpui-alloy-smol v0.1.1 (/private/tmp/gpui-alloy-0.1.1-candidate/external/gpui-alloy-smol)
   Compiling gpui-alloy-async-process v0.1.1
   Compiling gpui-alloy-smol v0.1.1 (/private/tmp/gpui-alloy-0.1.1-package-target/package/gpui-alloy-smol-0.1.1)
    Finished `dev` profile [unoptimized + debuginfo] target(s) in 1.35s
    Updating crates.io index
   Packaging gpui-alloy-smol v0.1.1 (/private/tmp/gpui-alloy-0.1.1-candidate/external/gpui-alloy-smol)
    Updating crates.io index
    Packaged 36 files, 334.1KiB (256.9KiB compressed)
   Verifying gpui-alloy-smol v0.1.1 (/private/tmp/gpui-alloy-0.1.1-candidate/external/gpui-alloy-smol)
   Compiling gpui-alloy-smol v0.1.1 (/private/tmp/gpui-alloy-0.1.1-package-target/package/gpui-alloy-smol-0.1.1)
    Finished `dev` profile [unoptimized + debuginfo] target(s) in 1.51s
   Uploading gpui-alloy-smol v0.1.1 (/private/tmp/gpui-alloy-0.1.1-candidate/external/gpui-alloy-smol)
    Uploaded gpui-alloy-smol v0.1.1 to registry `crates-io`
note: waiting for gpui-alloy-smol v0.1.1 to be available at registry `crates-io`
help: you may press ctrl-c to skip waiting; the crate should be available shortly
   Published gpui-alloy-smol v0.1.1 at registry `crates-io`
    Updating crates.io index
 Downloading crates ...
  Downloaded gpui-alloy-smol v0.1.1
gpui-alloy-smol #async #await #future #io #networking
A small and fast async runtime
version: 0.1.1
license: Apache-2.0 OR MIT
rust-version: 1.63
documentation: https://docs.rs/gpui-alloy-smol/0.1.1
repository: https://github.com/AprilNEA/gpui-alloy
crates.io: https://crates.io/crates/gpui-alloy-smol/0.1.1
