• Validating lock
✓ Validating lock in 371µs
• Configuring shell
• Configuring cachix
✓ Configuring cachix in 1.57ms
• Evaluating shell
✓ Evaluating shell in 40.0ms (cached)
✓ Configuring shell in 44.6ms
• Loading tasks
• Evaluating devenv.config.task.config
✓ Evaluating devenv.config.task.config in 622µs (cached)
✓ Loading tasks in 2.00ms
• Running tasks
• Running devenv:files:cleanup
✓ Running devenv:files:cleanup in 10.8ms
• Running devenv:enterShell
✓ Running devenv:enterShell in 14.8ms
• Running devenv:enterTest
✓ Running devenv:enterTest in 11.1µs (no command)
✓ Running tasks in 25.7ms
✨ devenv 2.1.2 is out of date. Please update to 2.4.0: https://devenv.sh/getting-started/#installation
    Blocking waiting for file lock on package cache
    Updating crates.io index
    Blocking waiting for file lock on package cache
     Locking 517 packages to latest Rust 1.98.1 compatible versions
      Adding accesskit v0.24.1 (available: v0.25.1)
      Adding accesskit_macos v0.26.3 (available: v0.27.1)
      Adding cocoa v0.26.0 (available: v0.26.1)
      Adding proptest v1.10.0 (available: v1.11.0)
    Blocking waiting for file lock on package cache
    Blocking waiting for file lock on package cache
   Compiling proc-macro2 v1.0.107
   Compiling quote v1.0.47
   Compiling unicode-ident v1.0.26
   Compiling serde_core v1.0.229
   Compiling cfg-if v1.0.5
   Compiling libc v0.2.190
   Compiling bitflags v2.13.2
   Compiling typeid v1.0.3
   Compiling erased-serde v0.4.10
   Compiling memchr v2.8.3
   Compiling libm v0.2.16
   Compiling autocfg v1.5.1
   Compiling smallvec v1.16.2
   Compiling hashbrown v0.17.1
   Compiling equivalent v1.0.2
   Compiling simd-adler32 v0.3.10
   Compiling core-foundation-sys v0.8.7
   Compiling adler2 v2.0.1
   Compiling objc2-encode v4.1.0
   Compiling stable_deref_trait v1.2.1
   Compiling pin-project-lite v0.2.17
   Compiling getrandom v0.4.3
   Compiling objc2 v0.6.4
   Compiling itoa v1.0.18
   Compiling crc32fast v1.5.2
   Compiling crossbeam-utils v0.8.23
   Compiling zmij v1.0.23
   Compiling num-traits v0.2.19
   Compiling arrayvec v0.7.8
   Compiling version_check v0.9.5
   Compiling miniz_oxide v0.9.1
   Compiling serde v1.0.229
   Compiling zerocopy v0.8.59
   Compiling futures-core v0.3.34
   Compiling bytemuck v1.25.2
   Compiling anyhow v1.0.104
   Compiling rustc-hash v2.1.3
   Compiling rustix v1.1.5
   Compiling serde_fmt v1.1.0
   Compiling indexmap v2.14.2
   Compiling semver v1.0.28
   Compiling syn v3.0.6
   Compiling syn v2.0.119
   Compiling once_cell v1.21.4
   Compiling futures-io v0.3.34
   Compiling rustc_version v0.4.1
   Compiling miniz_oxide v0.8.9
   Compiling writeable v0.6.4
   Compiling crossbeam-epoch v0.9.21
   Compiling futures-sink v0.3.34
   Compiling value-bag-serde1 v1.14.1
   Compiling getrandom v0.3.4
   Compiling litemap v0.8.3
   Compiling value-bag v1.14.1
   Compiling scopeguard v1.2.0
   Compiling lock_api v0.4.14
   Compiling log v0.4.34
   Compiling utf8_iter v1.0.4
   Compiling synstructure v0.14.0
   Compiling paste v1.0.15
   Compiling fastrand v2.5.0
   Compiling crossbeam-deque v0.8.8
   Compiling serde_json v1.0.151
   Compiling objc2-core-foundation v0.3.2
   Compiling serde_derive v1.0.229
   Compiling zerofrom-derive v0.1.8
   Compiling yoke-derive v0.8.4
   Compiling zerovec-derive v0.11.6
   Compiling displaydoc v0.2.7
   Compiling zerocopy-derive v0.8.59
   Compiling core-foundation v0.10.1
   Compiling flate2 v1.1.10
   Compiling core-graphics-types v0.2.0
   Compiling zerofrom v0.1.8
   Compiling foreign-types-macros v0.2.4
   Compiling icu_normalizer_data v2.3.0
   Compiling glob v0.3.4
   Compiling unicode-segmentation v1.13.3
   Compiling foreign-types-shared v0.3.1
   Compiling icu_properties_data v2.3.0
   Compiling clang-sys v1.9.1
   Compiling foreign-types v0.5.0
   Compiling futures-macro v0.3.34
   Compiling futures-channel v0.3.34
   Compiling slotmap v1.1.1
   Compiling parking_lot_core v0.9.12
   Compiling futures-task v0.3.34
   Compiling euclid v0.22.14
   Compiling rayon-core v1.13.0
   Compiling slab v0.4.12
   Compiling prettyplease v0.2.37
   Compiling futures-util v0.3.34
   Compiling gpui-alloy-util v0.1.1
   Compiling malloc_buf v0.0.6
   Compiling block2 v0.6.2
   Compiling core_maths v0.1.1
   Compiling rand_core v0.9.5
   Compiling tracing-core v0.1.36
   Compiling iana-time-zone v0.1.65
   Compiling fdeflate v0.3.7
   Compiling yoke v0.8.3
   Compiling winnow v1.0.4
   Compiling parking v2.2.1
   Compiling float-cmp v0.9.0
   Compiling regex-syntax v0.8.11
   Compiling block v0.1.6
   Compiling lazy_static v1.5.1
   Compiling minimal-lexical v0.2.1
   Compiling nom v7.1.3
   Compiling regex-automata v0.4.18
   Compiling strict-num v0.1.1
   Compiling toml_parser v1.1.3+spec-1.1.0
   Compiling ttf-parser v0.25.1
   Compiling objc v0.2.7
   Compiling errno v0.3.14
   Compiling lyon_geom v1.0.19
   Compiling pathfinder_simd v0.5.6
   Compiling serde_spanned v1.1.1
   Compiling toml_datetime v1.1.1+spec-1.1.0
   Compiling pulp v0.22.3
   Compiling polycool v0.4.0
   Compiling libloading v0.8.9
   Compiling either v1.18.0
   Compiling objc-sys v0.3.5
   Compiling toml_writer v1.1.2+spec-1.1.0
   Compiling quick-error v2.0.1
   Compiling arrayref v0.3.9
   Compiling sha1_smol v1.0.1
   Compiling percent-encoding v2.3.2
   Compiling bindgen v0.72.1
   Compiling winnow v0.7.15
   Compiling zune-core v0.5.3
   Compiling find-msvc-tools v0.1.14
   Compiling shlex v2.0.1
   Compiling object v0.37.3
   Compiling byteorder v1.5.0
   Compiling libbz2-rs-sys v0.2.5
   Compiling ref-cast v1.0.27
   Compiling weezl v0.1.12
   Compiling toml_write v0.1.2
   Compiling cc v1.6.0
   Compiling bzip2 v0.6.1
   Compiling zune-jpeg v0.5.15
   Compiling itertools v0.13.0
   Compiling form_urlencoded v1.2.2
   Compiling uuid v1.27.0
   Compiling tiny-skia-path v0.11.4
   Compiling toml v1.1.6+spec-1.1.0
   Compiling kurbo v0.13.1
   Compiling lyon_path v1.0.19
   Compiling parking_lot v0.12.5
   Compiling regex v1.13.1
   Compiling futures-executor v0.3.34
   Compiling cexpr v0.6.0
   Compiling futures v0.3.34
   Compiling core-graphics v0.24.0
   Compiling sharded-slab v0.1.7
   Compiling tracing-log v0.2.0
   Compiling gpui-alloy-collections v0.1.1
   Compiling num-complex v0.4.6
   Compiling convert_case v0.10.0
   Compiling enumn v0.1.14
   Compiling pin-project-internal v1.1.13
   Compiling tracing-attributes v0.1.31
   Compiling memmap2 v0.9.11
   Compiling ref-cast-impl v1.0.27
   Compiling serde_derive_internals v0.30.0
   Compiling thread_local v1.1.10
   Compiling toml_datetime v0.6.11
   Compiling serde_spanned v0.6.9
   Compiling chrono v0.4.45
   Compiling leak v0.1.2
   Compiling gimli v0.32.3
   Compiling toml_edit v0.22.27
   Compiling unicode-xid v0.2.6
   Compiling bitflags v1.3.2
   Compiling thiserror v1.0.69
   Compiling siphasher v1.0.4
   Compiling unicode-ccc v0.4.0
   Compiling compression-core v0.4.33
   Compiling byteorder-lite v0.1.0
   Compiling cbindgen v0.28.0
   Compiling gpui-alloy-ztracing v0.1.1
   Compiling ppv-lite86 v0.2.21
   Compiling half v2.7.1
   Compiling tinyvec v1.13.3
   Compiling rand_chacha v0.9.0
   Compiling unicode-bidi-mirroring v0.4.0
   Compiling reborrow v0.5.5
   Compiling bytes v1.12.1
   Compiling pulp-wasm-simd-flag v0.1.1
   Compiling unicode-properties v0.1.4
   Compiling nu-ansi-term v0.50.3
   Compiling color_quant v1.1.0
   Compiling option-ext v0.2.0
   Compiling shlex v1.3.0
   Compiling heck v0.5.0
   Compiling unicode-script v0.5.8
   Compiling heapless v0.9.3
   Compiling tracing-subscriber v0.3.23
   Compiling addr2line v0.25.1
   Compiling zerovec v0.11.8
   Compiling zerotrie v0.2.5
   Compiling rustybuzz v0.20.1
   Compiling http v1.5.0
   Compiling toml v0.8.23
   Compiling gif v0.14.2
   Compiling dirs-sys v0.5.0
   Compiling rand v0.9.5
   Compiling fontdb v0.23.0
   Compiling tempfile v3.27.0
   Compiling gpui-alloy-zlog v0.1.1
   Compiling image-webp v0.2.4
   Compiling tracing v0.1.44
   Compiling compression-codecs v0.4.45
   Compiling svgtypes v0.16.1
   Compiling pin-project v1.1.13
   Compiling png v0.17.16
   Compiling schemars_derive v1.2.2
   Compiling derive_more-impl v2.1.1
   Compiling leaky-cow v0.1.1
   Compiling accesskit v0.24.1
   Compiling embed-resource v3.0.11
   Compiling rayon v1.12.0
   Compiling hash32 v0.3.1
   Compiling event-listener v5.4.2
   Compiling objc2-foundation v0.3.2
   Compiling convert_case v0.11.0
   Compiling objc2-core-video v0.3.2
   Compiling thiserror-impl v1.0.69
   Compiling wait-timeout v0.2.1
   Compiling cgl v0.3.2
   Compiling simplecss v0.2.2
   Compiling spin v0.9.9
   Compiling aho-corasick v1.1.5
   Compiling roxmltree v0.21.1
   Compiling zune-inflate v0.2.54
   Compiling thiserror v2.0.21
   Compiling bit-vec v0.8.0
   Compiling fax v0.2.7
   Compiling ryu v1.0.23
   Compiling rustc-demangle v0.1.28
   Compiling bit_field v0.10.3
   Compiling unicode-bidi v0.3.18
   Compiling dyn-clone v1.0.20
   Compiling tinystr v0.8.4
   Compiling potential_utf v0.1.6
   Compiling data-url v0.3.2
   Compiling pico-args v0.5.0
   Compiling icu_collections v2.3.0
   Compiling quick-error v1.2.3
   Compiling imagesize v0.14.0
   Compiling pxfm v0.1.30
   Compiling float_next_after v1.0.0
   Compiling unicode-vo v0.1.0
   Compiling icu_locale_core v2.3.0
   Compiling lebe v0.5.3
   Compiling gpui-alloy-ztracing-macro v0.1.1
   Compiling fnv v1.0.7
   Compiling same-file v1.0.6
   Compiling heck v0.4.1
   Compiling xmlwriter v0.1.0
   Compiling base64 v0.22.1
   Compiling gpui-alloy-font-kit v0.1.1
   Compiling walkdir v2.5.0
   Compiling rusty-fork v0.3.1
   Compiling usvg v0.46.0
   Compiling icu_provider v2.3.1
   Compiling lyon_tessellation v1.0.22
   Compiling icu_properties v2.3.0
   Compiling icu_normalizer v2.3.0
   Compiling backtrace v0.3.76
   Compiling moxcms v0.8.1
   Compiling tiff v0.11.3
   Compiling serde_urlencoded v0.7.1
   Compiling idna_adapter v1.2.2
   Compiling idna v1.1.0
   Compiling bit-set v0.8.0
   Compiling derive_more v2.1.1
   Compiling url v2.5.8
   Compiling flume v0.12.0
   Compiling pathfinder_geometry v0.5.1
   Compiling io-surface v0.16.1
   Compiling proptest-macro v0.5.0
   Compiling gpui-alloy v0.1.1
   Compiling gpui-alloy-perf v0.1.1
   Compiling event-listener-strategy v0.5.4
   Compiling tiny-skia v0.11.4
   Compiling objc2 v0.5.2
   Compiling async-compression v0.4.50
   Compiling dirs v6.0.0
   Compiling http-body v1.1.0
   Compiling strum_macros v0.28.0
   Compiling core-text v21.0.0
   Compiling lyon_algorithms v1.0.21
   Compiling metal v0.33.0
   Compiling core-graphics2 v0.5.2
   Compiling futures-lite v2.6.1
   Compiling png v0.18.1
   Compiling rand_xorshift v0.4.0
   Compiling schemars v1.2.2
   Compiling crossbeam-queue v0.3.14
   Compiling concurrent-queue v2.5.0
   Compiling gpui-alloy-derive-refineable v0.1.1
   Compiling profiling-procmacros v1.0.18
   Compiling thiserror-impl v2.0.21
   Compiling qoi v0.4.1
   Compiling rgb v0.8.53
   Compiling link-section v0.19.3
   Compiling linktime-proc-macro v0.2.3
   Compiling static_assertions v1.1.0
   Compiling foldhash v0.2.0
   Compiling float-ord v0.3.2
   Compiling smol_str v0.3.6
   Compiling fixedbitset v0.5.7
   Compiling web-time v1.1.0
   Compiling svg_fmt v0.4.5
   Compiling atomic v0.5.3
   Compiling pollster v0.2.5
   Compiling unarray v0.1.4
   Compiling async-task v4.7.1
   Compiling etagere v0.2.15
   Compiling futures-concurrency v7.7.1
   Compiling strum v0.28.0
   Compiling proptest v1.10.0
   Compiling gpui-alloy-refineable v0.1.1
   Compiling hashbrown v0.16.1
   Compiling gpui-alloy-scheduler v0.1.1
   Compiling profiling v1.0.18
   Compiling resvg v0.46.0
   Compiling gpui-alloy-apple v0.1.1
   Compiling ctor v1.0.13
   Compiling async-channel v2.5.0
   Compiling lyon v1.0.19
   Compiling objc2-foundation v0.2.2
   Compiling gpui-alloy-http-client v0.1.1
   Compiling gpui-alloy-util-macros v0.1.1
   Compiling gpui-alloy-macros v0.1.1
   Compiling taffy v0.13.0
   Compiling core-video v0.5.2
   Compiling postage v0.5.0
   Compiling itertools v0.14.0
   Compiling cocoa-foundation v0.2.1
   Compiling num_cpus v1.17.0
   Compiling exr v1.74.2
   Compiling spin v0.10.1
   Compiling gpui-alloy-sum-tree v0.1.1
   Compiling pollster v0.4.0
   Compiling raw-window-handle v0.6.2
   Compiling waker-fn v1.2.0
   Compiling inventory v0.3.24
   Compiling seahash v4.1.0
   Compiling cocoa v0.26.0
   Compiling objc2-app-kit v0.2.2
   Compiling accesskit_consumer v0.38.0
   Compiling objc2-core-location v0.3.2
   Compiling objc2-core-media v0.3.2
   Compiling dispatch2 v0.3.1
   Compiling objc2-core-graphics v0.3.2
   Compiling objc2-user-notifications v0.3.2
   Compiling objc2-app-kit v0.3.2
   Compiling objc2-screen-capture-kit v0.3.2
   Compiling mach2 v0.5.0
   Compiling gpui-alloy-shared-string v0.1.1
   Compiling accesskit_macos v0.26.3
   Compiling image v0.25.10
   Compiling gpui-alloy-macos v0.1.1
   Compiling alloy-native-focus-probe v0.0.0 (/private/tmp/alloy-0.1.1-native-focus)
    Finished `dev` profile [unoptimized + debuginfo] target(s) in 45.45s
warning: the following packages contain code that will be rejected by a future version of Rust: block v0.1.6
note: to see what the problems were, use the option `--future-incompat-report`, or run `cargo report future-incompatibilities --id 1`
     Running `/private/tmp/gpui-alloy-0.1.1-native-target/debug/native-focus`
GPUIWindow: before adapter
GPUIWindow: focused input
GPUIWindow: no focused control
GPUIWindow: host unfocused
GPUIWindow: after adapter
GPUIPanel: before adapter
GPUIPanel: focused input
GPUIPanel: no focused control
GPUIPanel: host unfocused
GPUIPanel: after adapter
Native accessibility focus regression passed
