• Validating lock
✓ Validating lock in 373µs
• Configuring shell
• Configuring cachix
✓ Configuring cachix in 1.17ms
• Evaluating shell
✓ Evaluating shell in 38.7ms (cached)
✓ Configuring shell in 41.6ms
• Loading tasks
• Evaluating devenv.config.task.config
✓ Evaluating devenv.config.task.config in 504µs (cached)
✓ Loading tasks in 1.05ms
• Running tasks
• Running devenv:files:cleanup
✓ Running devenv:files:cleanup in 9.17ms
• Running devenv:enterShell
✓ Running devenv:enterShell in 12.9ms
• Running devenv:enterTest
✓ Running devenv:enterTest in 5.88µs (no command)
✓ Running tasks in 22.2ms
✨ devenv 2.1.2 is out of date. Please update to 2.4.0: https://devenv.sh/getting-started/#installation
    Updating crates.io index
    Blocking waiting for file lock on package cache
     Locking 824 packages to latest Rust 1.98.1 compatible versions
      Adding cocoa v0.26.0 (available: v0.26.1)
      Adding generic-array v0.14.7 (available: v0.14.9)
      Adding unicode-properties v0.1.3 (available: v0.1.4)
 Downloading crates ...
  Downloaded mio v1.2.4
Verified all 31 Alloy packages against frozen registry identities and checksums.
