• Validating lock
✓ Validating lock in 535µs
• Configuring shell
• Configuring cachix
✓ Configuring cachix in 1.41ms
• Evaluating shell
✓ Evaluating shell in 820ms (cached)
✓ Configuring shell in 825ms
• Loading tasks
• Evaluating devenv.config.task.config
✓ Evaluating devenv.config.task.config in 10.4ms (cached)
✓ Loading tasks in 12.9ms
• Running tasks
• Running devenv:files:cleanup
✓ Running devenv:files:cleanup in 10.9ms
• Running devenv:enterShell
✓ Running devenv:enterShell in 15.0ms
• Running devenv:enterTest
✓ Running devenv:enterTest in 5.38µs (no command)
✓ Running tasks in 26.1ms
✨ devenv 2.1.2 is out of date. Please update to 2.4.0: https://devenv.sh/getting-started/#installation
    Updating crates.io index
error: could not find `gpui-alloy-macos@0.1.0` in registry `https://github.com/rust-lang/crates.io-index`
