• Validating lock
✓ Validating lock in 4.74ms
• Configuring shell
• Configuring cachix
✓ Configuring cachix in 5.57ms
• Evaluating shell
✓ Evaluating shell in 90.6ms (cached)
✓ Configuring shell in 107ms
• Loading tasks
• Evaluating devenv.config.task.config
✓ Evaluating devenv.config.task.config in 38.8ms (cached)
✓ Loading tasks in 42.0ms
• Running tasks
• Running devenv:files:cleanup
✓ Running devenv:files:cleanup in 144ms
• Running devenv:enterShell
✓ Running devenv:enterShell in 57.8ms
• Running devenv:enterTest
✓ Running devenv:enterTest in 11.6µs (no command)
✓ Running tasks in 202ms
✨ devenv 2.1.2 is out of date. Please update to 2.4.0: https://devenv.sh/getting-started/#installation
    Updating crates.io index
error: could not find `gpui-alloy-platform@0.1.0` in registry `https://github.com/rust-lang/crates.io-index`
