• Validating lock
✓ Validating lock in 328µs
• Configuring shell
• Configuring cachix
✓ Configuring cachix in 1.54ms
• Evaluating shell
✓ Evaluating shell in 52.4ms (cached)
✓ Configuring shell in 57.2ms
• Loading tasks
• Evaluating devenv.config.task.config
✓ Evaluating devenv.config.task.config in 456µs (cached)
✓ Loading tasks in 1.14ms
• Running tasks
• Running devenv:files:cleanup
✓ Running devenv:files:cleanup in 9.48ms
• Running devenv:enterShell
✓ Running devenv:enterShell in 12.4ms
• Running devenv:enterTest
✓ Running devenv:enterTest in 8.62µs (no command)
✓ Running tasks in 22.0ms
✨ devenv 2.1.2 is out of date. Please update to 2.4.0: https://devenv.sh/getting-started/#installation
    Updating crates.io index
error: could not find `gpui-alloy-linux@0.1.0` in registry `https://github.com/rust-lang/crates.io-index`
