• Validating lock
✓ Validating lock in 325µs
• Configuring shell
• Configuring cachix
✓ Configuring cachix in 1.07ms
• Evaluating shell
✓ Evaluating shell in 49.4ms (cached)
✓ Configuring shell in 52.0ms
• Loading tasks
• Evaluating devenv.config.task.config
✓ Evaluating devenv.config.task.config in 325µs (cached)
✓ Loading tasks in 877µs
• Running tasks
• Running devenv:files:cleanup
✓ Running devenv:files:cleanup in 8.36ms
• Running devenv:enterShell
✓ Running devenv:enterShell in 12.0ms
• Running devenv:enterTest
✓ Running devenv:enterTest in 15.2µs (no command)
✓ Running tasks in 20.4ms
✨ devenv 2.1.2 is out of date. Please update to 2.4.0: https://devenv.sh/getting-started/#installation
cargo 1.98.1 (797e8a9bc 2026-08-05)
    Updating crates.io index
gpui-alloy-async-process #process #spawn #command #subprocess #child
Async interface for working with processes
version: 0.1.0
license: Apache-2.0 OR MIT
rust-version: 1.71
documentation: https://docs.rs/gpui-alloy-async-process/0.1.0
repository: https://github.com/AprilNEA/gpui-alloy
crates.io: https://crates.io/crates/gpui-alloy-async-process/0.1.0
features:
  tracing = [dep:tracing]
    Updating crates.io index
gpui-alloy-async-tar #tar #tarfile #encoding
A Rust implementation of an async TAR file reader and writer. This library does not
currently handle compression, but it is abstract over all I/O readers and
writers. Additionally, great lengths are taken to ensure that the entire
contents are never required to be entirely resident in memory all at once.
version: 0.1.0
license: MIT/Apache-2.0
rust-version: 1.85
documentation: https://docs.rs/async-tar
homepage: https://github.com/dignifiedquire/async-tar
repository: https://github.com/AprilNEA/gpui-alloy
crates.io: https://crates.io/crates/gpui-alloy-async-tar/0.1.0
features:
 +default           = [xattr, runtime-async-std]
  async-std         = [dep:async-std]
  runtime-async-std = [async-std]
  xattr             = [dep:xattr]
  runtime-tokio     = [tokio, tokio-stream]
  tokio             = [dep:tokio]
  tokio-stream      = [dep:tokio-stream]
    Updating crates.io index
gpui-alloy-derive-refineable
A derive macro for creating refinement types in Rust
version: 0.1.0
license: Apache-2.0
rust-version: unknown
documentation: https://docs.rs/gpui-alloy-derive-refineable/0.1.0
repository: https://github.com/AprilNEA/gpui-alloy
crates.io: https://crates.io/crates/gpui-alloy-derive-refineable/0.1.0
    Updating crates.io index
gpui-alloy-font-kit
A cross-platform font loading library
version: 0.1.0
license: MIT OR Apache-2.0
rust-version: 1.77
documentation: https://docs.rs/gpui-alloy-font-kit/0.1.0
homepage: https://github.com/servo/font-kit
repository: https://github.com/AprilNEA/gpui-alloy
crates.io: https://crates.io/crates/gpui-alloy-font-kit/0.1.0
features:
 +default                   = [source]
  source                    = []
  freetype                  = [dep:freetype]
  loader-freetype           = [freetype]
  loader-freetype-default   = [loader-freetype]
  source-fontconfig         = [yeslogic-fontconfig-sys]
  source-fontconfig-default = [source-fontconfig]
  source-fontconfig-dlopen  = [yeslogic-fontconfig-sys/dlopen]
  yeslogic-fontconfig-sys   = [dep:yeslogic-fontconfig-sys]
    Updating crates.io index
gpui-alloy-http-client-tls
GPUI Alloy distribution of http_client_tls
version: 0.1.0
license: Apache-2.0
rust-version: unknown
documentation: https://docs.rs/gpui-alloy-http-client-tls/0.1.0
repository: https://github.com/AprilNEA/gpui-alloy
crates.io: https://crates.io/crates/gpui-alloy-http-client-tls/0.1.0
features:
  test-support = []
    Updating crates.io index
gpui-alloy-macros
Macros used by gpui
version: 0.1.0
license: Apache-2.0
rust-version: unknown
documentation: https://docs.rs/gpui-alloy-macros/0.1.0
repository: https://github.com/AprilNEA/gpui-alloy
crates.io: https://crates.io/crates/gpui-alloy-macros/0.1.0
features:
  inspector = []
    Updating crates.io index
gpui-alloy-util
GPUI Alloy distribution of gpui_util
version: 0.1.0
license: Apache-2.0
rust-version: unknown
documentation: https://docs.rs/gpui-alloy-util/0.1.0
repository: https://github.com/AprilNEA/gpui-alloy
crates.io: https://crates.io/crates/gpui-alloy-util/0.1.0
    Updating crates.io index
gpui-alloy-shared-string
GPUI Alloy distribution of gpui_shared_string
version: 0.1.0
license: Apache-2.0
rust-version: unknown
documentation: https://docs.rs/gpui-alloy-shared-string/0.1.0
repository: https://github.com/AprilNEA/gpui-alloy
crates.io: https://crates.io/crates/gpui-alloy-shared-string/0.1.0
    Updating crates.io index
gpui-alloy-scheduler
GPUI Alloy distribution of scheduler
version: 0.1.0
license: Apache-2.0
rust-version: unknown
documentation: https://docs.rs/gpui-alloy-scheduler/0.1.0
repository: https://github.com/AprilNEA/gpui-alloy
crates.io: https://crates.io/crates/gpui-alloy-scheduler/0.1.0
features:
  test-support = []
  wasm-threads = [dep:wasm_thread, flume/spin]
    Updating crates.io index
gpui-alloy-path
GPUI Alloy distribution of path
version: 0.1.0
license: Apache-2.0
rust-version: unknown
documentation: https://docs.rs/gpui-alloy-path/0.1.0
repository: https://github.com/AprilNEA/gpui-alloy
crates.io: https://crates.io/crates/gpui-alloy-path/0.1.0
features:
  serde        = [dep:serde]
  test-support = []
    Updating crates.io index
gpui-alloy-reqwest #http #request #client
higher level HTTP client library
version: 0.1.0
license: MIT OR Apache-2.0
rust-version: 1.64.0
documentation: https://docs.rs/reqwest
repository: https://github.com/AprilNEA/gpui-alloy
crates.io: https://crates.io/crates/gpui-alloy-reqwest/0.1.0
features:
 +default                             = [default-tls, charset, http2, macos-system-configuration]
  __tls                               = [dep:rustls-pemfile, tokio/io-util]
  charset                             = [dep:encoding_rs]
  default-tls                         = [dep:hyper-tls, dep:native-tls-crate, __tls, dep:tokio-native-tls]
  h2                                  = [dep:h2]
  http2                               = [h2, hyper/http2, hyper-util/http2, hyper-rustls?/http2]
  macos-system-configuration          = [dep:system-configuration]
  26 deactivated features
    Updating crates.io index
gpui-alloy-ztracing-macro
GPUI Alloy distribution of ztracing_macro
version: 0.1.0
license: Apache-2.0
rust-version: unknown
documentation: https://docs.rs/gpui-alloy-ztracing-macro/0.1.0
repository: https://github.com/AprilNEA/gpui-alloy
crates.io: https://crates.io/crates/gpui-alloy-ztracing-macro/0.1.0
    Updating crates.io index
gpui-alloy-collections
Standard collection types used by Zed and GPUI
version: 0.1.0
license: Apache-2.0
rust-version: unknown
documentation: https://docs.rs/gpui-alloy-collections/0.1.0
repository: https://github.com/AprilNEA/gpui-alloy
crates.io: https://crates.io/crates/gpui-alloy-collections/0.1.0
features:
  test-support = []
    Updating crates.io index
gpui-alloy-refineable
A macro for creating 'refinement' types that can be used to partially initialize or mutate a complex struct
version: 0.1.0
license: Apache-2.0
rust-version: unknown
documentation: https://docs.rs/gpui-alloy-refineable/0.1.0
repository: https://github.com/AprilNEA/gpui-alloy
crates.io: https://crates.io/crates/gpui-alloy-refineable/0.1.0
    Updating crates.io index
gpui-alloy-smol #async #await #future #io #networking
A small and fast async runtime
version: 0.1.0
license: Apache-2.0 OR MIT
rust-version: 1.63
documentation: https://docs.rs/gpui-alloy-smol/0.1.0
repository: https://github.com/AprilNEA/gpui-alloy
crates.io: https://crates.io/crates/gpui-alloy-smol/0.1.0
    Updating crates.io index
gpui-alloy-perf
A tool for measuring Zed test performance, with too many Clippy lints
version: 0.1.0
license: Apache-2.0
rust-version: unknown
documentation: https://docs.rs/gpui-alloy-perf/0.1.0
repository: https://github.com/AprilNEA/gpui-alloy
crates.io: https://crates.io/crates/gpui-alloy-perf/0.1.0
    Updating crates.io index
gpui-alloy-zlog
GPUI Alloy distribution of zlog
version: 0.1.0
license: Apache-2.0
rust-version: unknown
documentation: https://docs.rs/gpui-alloy-zlog/0.1.0
repository: https://github.com/AprilNEA/gpui-alloy
crates.io: https://crates.io/crates/gpui-alloy-zlog/0.1.0
features:
 +default = []
    Updating crates.io index
gpui-alloy-util-macros
Utility macros for Zed
version: 0.1.0
license: Apache-2.0
rust-version: unknown
documentation: https://docs.rs/gpui-alloy-util-macros/0.1.0
repository: https://github.com/AprilNEA/gpui-alloy
crates.io: https://crates.io/crates/gpui-alloy-util-macros/0.1.0
features:
  perf-enabled = []
    Updating crates.io index
gpui-alloy-ztracing
GPUI Alloy distribution of ztracing
version: 0.1.0
license: Apache-2.0
rust-version: unknown
documentation: https://docs.rs/gpui-alloy-ztracing/0.1.0
repository: https://github.com/AprilNEA/gpui-alloy
crates.io: https://crates.io/crates/gpui-alloy-ztracing/0.1.0
features:
  tracing-tracy = [dep:tracing-tracy]
  tracy         = [tracing-tracy, tracy-client]
  tracy-client  = [dep:tracy-client]
  web           = [dep:async-channel, dep:js-sys, dep:wasm-bindgen, dep:web-sys]
    Updating crates.io index
gpui-alloy-zed-util
A collection of utility structs and functions used by Zed and GPUI
version: 0.1.0
license: Apache-2.0
rust-version: unknown
documentation: https://docs.rs/gpui-alloy-zed-util/0.1.0
repository: https://github.com/AprilNEA/gpui-alloy
crates.io: https://crates.io/crates/gpui-alloy-zed-util/0.1.0
features:
  debug-embed  = [rust-embed/debug-embed]
  rand         = [dep:rand]
  test-support = [rand, util_macros, path/test-support]
  util_macros  = [dep:util_macros]
    Updating crates.io index
gpui-alloy-sum-tree
A sum tree data structure, a concurrency-friendly B-tree
version: 0.1.0
license: Apache-2.0
rust-version: unknown
documentation: https://docs.rs/gpui-alloy-sum-tree/0.1.0
repository: https://github.com/AprilNEA/gpui-alloy
crates.io: https://crates.io/crates/gpui-alloy-sum-tree/0.1.0
features:
  proptest     = [dep:proptest]
  test-support = [proptest]
    Updating crates.io index
gpui-alloy-http-client
A HTTP client library for Zed and GPUI
version: 0.1.0
license: Apache-2.0
rust-version: unknown
documentation: https://docs.rs/gpui-alloy-http-client/0.1.0
repository: https://github.com/AprilNEA/gpui-alloy
crates.io: https://crates.io/crates/gpui-alloy-http-client/0.1.0
features:
  github-download = [dep:async-fs, dep:async-tar, dep:sha2, dep:tempfile, dep:util]
  test-support    = []
    Updating crates.io index
gpui-alloy #desktop #gui #immediate
Zed's GPU-accelerated UI framework
version: 0.1.0
license: Apache-2.0
rust-version: unknown
documentation: https://docs.rs/gpui-alloy/0.1.0
homepage: https://gpui.rs
repository: https://github.com/AprilNEA/gpui-alloy
crates.io: https://crates.io/crates/gpui-alloy/0.1.0
features:
 +default          = [font-kit, wayland, x11, windows-manifest]
  font-kit         = [dep:font-kit]
  wayland          = []
  windows-manifest = [dep:embed-resource]
  x11              = [scap?/x11]
  backtrace        = [dep:backtrace]
  bench            = [bench-support]
  bench-support    = [profiler, dep:criterion]
  inspector        = [gpui_macros/inspector]
  leak-detection   = [backtrace]
  objc2            = [dep:objc2]
  objc2-metal      = [dep:objc2-metal]
  profiler         = [dep:hdrhistogram]
  proptest         = [dep:proptest]
  scap             = [dep:scap]
  screen-capture   = [scap]
  stacker          = [dep:stacksafe]
  test-support     = [leak-detection, collections/test-support, http_client/test-support, wayland, x11, proptest]
    Updating crates.io index
gpui-alloy-reqwest-client
GPUI Alloy distribution of reqwest_client
version: 0.1.0
license: Apache-2.0
rust-version: unknown
documentation: https://docs.rs/gpui-alloy-reqwest-client/0.1.0
repository: https://github.com/AprilNEA/gpui-alloy
crates.io: https://crates.io/crates/gpui-alloy-reqwest-client/0.1.0
features:
  test-support = []
    Updating crates.io index
gpui-alloy-apple
GPUI Alloy distribution of gpui_apple
version: 0.1.0
license: Apache-2.0
rust-version: unknown
documentation: https://docs.rs/gpui-alloy-apple/0.1.0
repository: https://github.com/AprilNEA/gpui-alloy
crates.io: https://crates.io/crates/gpui-alloy-apple/0.1.0
features:
 +default         = []
  bench-support   = [gpui/bench-support]
  runtime_shaders = []
  test-support    = [gpui/test-support]
    Updating crates.io index
gpui-alloy-wgpu
GPUI Alloy distribution of gpui_wgpu
version: 0.1.0
license: Apache-2.0
rust-version: unknown
documentation: https://docs.rs/gpui-alloy-wgpu/0.1.0
repository: https://github.com/AprilNEA/gpui-alloy
crates.io: https://crates.io/crates/gpui-alloy-wgpu/0.1.0
features:
 +default       = []
  bench-support = [gpui/bench-support, dep:image]
  font-kit      = [dep:font-kit]
  test-support  = [gpui/test-support, dep:image]
Verified all 31 frozen archives, 26 registry checksums, and Windows dependency readiness.
   Packaging gpui-alloy-windows v0.1.0 (/private/tmp/alloy-registry-packager/staging-process-31/crates/gpui_windows)
    Updating crates.io index
    Packaged 29 files, 642.9KiB (152.7KiB compressed)
   Verifying gpui-alloy-windows v0.1.0 (/private/tmp/alloy-registry-packager/staging-process-31/crates/gpui_windows)
   Compiling proc-macro2 v1.0.107
   Compiling unicode-ident v1.0.26
   Compiling quote v1.0.47
   Compiling serde_core v1.0.229
   Compiling cfg-if v1.0.5
   Compiling libc v0.2.190
   Compiling typeid v1.0.3
   Compiling erased-serde v0.4.10
   Compiling memchr v2.8.3
   Compiling libm v0.2.16
   Compiling smallvec v1.16.2
   Compiling autocfg v1.5.1
   Compiling simd-adler32 v0.3.10
   Compiling stable_deref_trait v1.2.1
   Compiling adler2 v2.0.1
   Compiling bitflags v2.13.2
   Compiling core-foundation-sys v0.8.7
   Compiling pin-project-lite v0.2.17
   Compiling crossbeam-utils v0.8.23
   Compiling crc32fast v1.5.2
   Compiling version_check v0.9.5
   Compiling hashbrown v0.17.1
   Compiling arrayvec v0.7.8
   Compiling equivalent v1.0.2
   Compiling miniz_oxide v0.9.1
   Compiling bytemuck v1.25.2
   Compiling futures-core v0.3.34
   Compiling serde v1.0.229
   Compiling num-traits v0.2.19
   Compiling zerocopy v0.8.59
   Compiling anyhow v1.0.104
   Compiling itoa v1.0.18
   Compiling rustc-hash v2.1.3
   Compiling semver v1.0.28
   Compiling futures-io v0.3.34
   Compiling zmij v1.0.23
   Compiling miniz_oxide v0.8.9
   Compiling rustc_version v0.4.1
   Compiling litemap v0.8.3
   Compiling writeable v0.6.4
   Compiling futures-sink v0.3.34
   Compiling scopeguard v1.2.0
   Compiling crossbeam-epoch v0.9.21
   Compiling lock_api v0.4.14
   Compiling paste v1.0.15
   Compiling crossbeam-deque v0.8.8
   Compiling utf8_iter v1.0.4
   Compiling icu_normalizer_data v2.3.0
   Compiling icu_properties_data v2.3.0
   Compiling glob v0.3.4
   Compiling clang-sys v1.9.1
   Compiling futures-channel v0.3.34
   Compiling slotmap v1.1.1
   Compiling getrandom v0.3.4
   Compiling foreign-types-shared v0.3.1
   Compiling syn v3.0.6
   Compiling syn v2.0.119
   Compiling futures-task v0.3.34
   Compiling rayon-core v1.13.0
   Compiling euclid v0.22.14
   Compiling once_cell v1.21.4
   Compiling prettyplease v0.2.37
   Compiling synstructure v0.14.0
   Compiling parking_lot_core v0.9.12
   Compiling zerocopy-derive v0.8.59
   Compiling slab v0.4.12
   Compiling zerofrom-derive v0.1.8
   Compiling yoke-derive v0.8.4
   Compiling serde_derive v1.0.229
   Compiling zerovec-derive v0.11.6
   Compiling serde_fmt v1.1.0
   Compiling indexmap v2.14.2
   Compiling displaydoc v0.2.7
   Compiling flate2 v1.1.10
   Compiling zerofrom v0.1.8
   Compiling foreign-types-macros v0.2.4
   Compiling futures-macro v0.3.34
   Compiling foreign-types v0.5.0
   Compiling value-bag-serde1 v1.14.1
   Compiling value-bag v1.14.1
   Compiling futures-util v0.3.34
   Compiling log v0.4.34
   Compiling tracing-core v0.1.36
   Compiling core_maths v0.1.1
   Compiling gpui-alloy-util v0.1.0
   Compiling gpui-alloy-collections v0.1.0
   Compiling core-foundation v0.10.1
   Compiling core-graphics-types v0.2.0
   Compiling iana-time-zone v0.1.65
   Compiling fdeflate v0.3.7
   Compiling minimal-lexical v0.2.1
   Compiling parking v2.2.1
   Compiling lazy_static v1.5.1
   Compiling winnow v1.0.4
   Compiling serde_json v1.0.151
   Compiling float-cmp v0.9.0
   Compiling regex-syntax v0.8.11
   Compiling strict-num v0.1.1
   Compiling toml_parser v1.1.3+spec-1.1.0
   Compiling nom v7.1.3
   Compiling regex-automata v0.4.18
   Compiling ttf-parser v0.25.1
   Compiling serde_spanned v1.1.1
   Compiling toml_datetime v1.1.1+spec-1.1.0
   Compiling lyon_geom v1.0.19
   Compiling pathfinder_simd v0.5.6
   Compiling pulp v0.22.3
   Compiling polycool v0.4.0
   Compiling libloading v0.8.9
   Compiling zune-core v0.5.3
   Compiling toml_writer v1.1.2+spec-1.1.0
   Compiling shlex v2.0.1
   Compiling find-msvc-tools v0.1.14
   Compiling libbz2-rs-sys v0.2.5
   Compiling weezl v0.1.12
   Compiling percent-encoding v2.3.2
   Compiling either v1.18.0
   Compiling yoke v0.8.3
   Compiling quick-error v2.0.1
   Compiling arrayref v0.3.9
   Compiling object v0.37.3
   Compiling byteorder v1.5.0
   Compiling fastrand v2.5.0
   Compiling unicode-segmentation v1.13.3
   Compiling bindgen v0.72.1
   Compiling ref-cast v1.0.27
   Compiling getrandom v0.4.3
   Compiling convert_case v0.10.0
   Compiling tiny-skia-path v0.11.4
   Compiling itertools v0.13.0
   Compiling form_urlencoded v1.2.2
   Compiling bzip2 v0.6.1
   Compiling cc v1.6.0
   Compiling parking_lot v0.12.5
   Compiling toml v1.1.6+spec-1.1.0
   Compiling zune-jpeg v0.5.15
   Compiling ppv-lite86 v0.2.21
   Compiling half v2.7.1
   Compiling kurbo v0.13.1
   Compiling lyon_path v1.0.19
   Compiling regex v1.13.1
   Compiling cexpr v0.6.0
   Compiling sharded-slab v0.1.7
   Compiling memmap2 v0.9.11
   Compiling malloc_buf v0.0.6
   Compiling tracing-log v0.2.0
   Compiling ref-cast-impl v1.0.27
   Compiling tracing-attributes v0.1.31
   Compiling pin-project-internal v1.1.13
   Compiling serde_derive_internals v0.30.0
   Compiling chrono v0.4.45
   Compiling futures-executor v0.3.34
   Compiling num-complex v0.4.6
   Compiling thread_local v1.1.10
   Compiling unicode-bidi-mirroring v0.4.0
   Compiling futures v0.3.34
   Compiling block v0.1.6
   Compiling unicode-script v0.5.8
   Compiling nu-ansi-term v0.50.3
   Compiling leak v0.1.2
   Compiling thiserror v1.0.69
   Compiling reborrow v0.5.5
   Compiling heck v0.5.0
   Compiling siphasher v1.0.4
   Compiling unicode-xid v0.2.6
   Compiling color_quant v1.1.0
   Compiling bytes v1.12.1
   Compiling heapless v0.9.3
   Compiling byteorder-lite v0.1.0
   Compiling compression-core v0.4.33
   Compiling option-ext v0.2.0
   Compiling bitflags v1.3.2
   Compiling unicode-ccc v0.4.0
   Compiling unicode-properties v0.1.3
   Compiling gimli v0.32.3
   Compiling tinyvec v1.13.3
   Compiling gpui-alloy-ztracing v0.1.0
   Compiling shlex v1.3.0
   Compiling pulp-wasm-simd-flag v0.1.1
   Compiling rand_core v0.9.5
   Compiling rustybuzz v0.20.1
   Compiling png v0.17.16
   Compiling dirs-sys v0.5.0
   Compiling rand_chacha v0.9.0
   Compiling http v1.5.0
   Compiling image-webp v0.2.4
   Compiling compression-codecs v0.4.45
   Compiling addr2line v0.25.1
   Compiling gif v0.14.2
   Compiling svgtypes v0.16.1
   Compiling fontdb v0.23.0
   Compiling derive_more-impl v2.1.1
   Compiling rayon v1.12.0
   Compiling gpui-alloy-zlog v0.1.0
   Compiling tracing-subscriber v0.3.23
   Compiling leaky-cow v0.1.1
   Compiling schemars_derive v1.2.2
   Compiling tracing v0.1.44
   Compiling pin-project v1.1.13
   Compiling objc v0.2.7
   Compiling embed-resource v3.0.11
   Compiling core-graphics v0.24.0
   Compiling hash32 v0.3.1
   Compiling zerovec v0.11.8
   Compiling zerotrie v0.2.5
   Compiling event-listener v5.4.2
   Compiling cgl v0.3.2
   Compiling simplecss v0.2.2
   Compiling thiserror-impl v1.0.69
   Compiling spin v0.9.9
   Compiling aho-corasick v1.1.5
   Compiling roxmltree v0.21.1
   Compiling zune-inflate v0.2.54
   Compiling bit_field v0.10.3
   Compiling unicode-bidi v0.3.18
   Compiling ryu v1.0.23
   Compiling gpui-alloy-font-kit v0.1.0
   Compiling fax v0.2.7
   Compiling float_next_after v1.0.0
   Compiling data-url v0.3.2
   Compiling gpui-alloy-ztracing-macro v0.1.0
   Compiling rustc-demangle v0.1.28
   Compiling pxfm v0.1.30
   Compiling xmlwriter v0.1.0
   Compiling thiserror v2.0.21
   Compiling unicode-vo v0.1.0
   Compiling pico-args v0.5.0
   Compiling dyn-clone v1.0.20
   Compiling sha1_smol v1.0.1
   Compiling lebe v0.5.3
   Compiling base64 v0.22.1
   Compiling imagesize v0.14.0
   Compiling same-file v1.0.6
   Compiling walkdir v2.5.0
   Compiling usvg v0.46.0
   Compiling uuid v1.27.0
   Compiling moxcms v0.8.1
   Compiling backtrace v0.3.76
   Compiling gpui-alloy-perf v0.1.0
   Compiling lyon_tessellation v1.0.22
   Compiling tiff v0.11.3
   Compiling serde_urlencoded v0.7.1
   Compiling pathfinder_geometry v0.5.1
   Compiling flume v0.12.0
   Compiling io-surface v0.16.1
   Compiling event-listener-strategy v0.5.4
   Compiling core-text v21.0.0
   Compiling derive_more v2.1.1
   Compiling metal v0.33.0
   Compiling async-compression v0.4.50
   Compiling http-body v1.1.0
   Compiling tiny-skia v0.11.4
   Compiling rand v0.9.5
   Compiling dirs v6.0.0
   Compiling strum_macros v0.28.0
   Compiling core-graphics2 v0.5.2
   Compiling lyon_algorithms v1.0.21
   Compiling futures-lite v2.6.1
   Compiling png v0.18.1
   Compiling concurrent-queue v2.5.0
   Compiling crossbeam-queue v0.3.14
   Compiling thiserror-impl v2.0.21
   Compiling gpui-alloy-derive-refineable v0.1.0
   Compiling profiling-procmacros v1.0.18
   Compiling enumn v0.1.14
   Compiling rgb v0.8.53
   Compiling qoi v0.4.1
   Compiling web-time v1.1.0
   Compiling linktime-proc-macro v0.2.3
   Compiling link-section v0.19.3
   Compiling async-task v4.7.1
   Compiling objc2-core-foundation v0.3.2
   Compiling float-ord v0.3.2
   Compiling fixedbitset v0.5.7
   Compiling atomic v0.5.3
   Compiling svg_fmt v0.4.5
   Compiling smol_str v0.3.6
   Compiling pollster v0.2.5
   Compiling static_assertions v1.1.0
   Compiling etagere v0.2.15
   Compiling accesskit v0.24.1
   Compiling objc2-core-video v0.3.2
   Compiling gpui-alloy-scheduler v0.1.0
   Compiling profiling v1.0.18
   Compiling resvg v0.46.0
   Compiling gpui-alloy-refineable v0.1.0
   Compiling ctor v1.0.13
   Compiling strum v0.28.0
   Compiling futures-concurrency v7.7.1
   Compiling async-channel v2.5.0
   Compiling lyon v1.0.19
   Compiling gpui-alloy-util-macros v0.1.0
   Compiling tinystr v0.8.4
   Compiling potential_utf v0.1.6
   Compiling icu_collections v2.3.0
   Compiling icu_locale_core v2.3.0
   Compiling taffy v0.13.0
   Compiling gpui-alloy v0.1.0
   Compiling gpui-alloy-macros v0.1.0
   Compiling icu_provider v2.3.1
   Compiling schemars v1.2.2
   Compiling icu_normalizer v2.3.0
   Compiling icu_properties v2.3.0
   Compiling itertools v0.14.0
   Compiling num_cpus v1.17.0
   Compiling spin v0.10.1
   Compiling idna_adapter v1.2.2
   Compiling idna v1.1.0
   Compiling gpui-alloy-windows v0.1.0 (/private/tmp/gpui-alloy-registry-target/package/gpui-alloy-windows-0.1.0)
   Compiling pollster v0.4.0
   Compiling url v2.5.8
   Compiling inventory v0.3.24
   Compiling seahash v4.1.0
   Compiling raw-window-handle v0.6.2
   Compiling waker-fn v1.2.0
   Compiling gpui-alloy-http-client v0.1.0
   Compiling postage v0.5.0
   Compiling core-video v0.5.2
   Compiling exr v1.74.2
   Compiling image v0.25.10
   Compiling gpui-alloy-sum-tree v0.1.0
   Compiling gpui-alloy-shared-string v0.1.0
    Finished `dev` profile [unoptimized + debuginfo] target(s) in 43.60s
warning: the following packages contain code that will be rejected by a future version of Rust: block v0.1.6
note: to see what the problems were, use the option `--future-incompat-report`, or run `cargo report future-incompatibilities --id 1`
    Updating crates.io index
   Packaging gpui-alloy-windows v0.1.0 (/private/tmp/alloy-registry-packager/staging-process-31/crates/gpui_windows)
    Updating crates.io index
    Packaged 29 files, 642.9KiB (152.7KiB compressed)
   Verifying gpui-alloy-windows v0.1.0 (/private/tmp/alloy-registry-packager/staging-process-31/crates/gpui_windows)
   Compiling gpui-alloy-windows v0.1.0 (/private/tmp/gpui-alloy-registry-target/package/gpui-alloy-windows-0.1.0)
    Finished `dev` profile [unoptimized + debuginfo] target(s) in 6.06s
warning: the following packages contain code that will be rejected by a future version of Rust: block v0.1.6
note: to see what the problems were, use the option `--future-incompat-report`, or run `cargo report future-incompatibilities --id 1`
   Uploading gpui-alloy-windows v0.1.0 (/private/tmp/alloy-registry-packager/staging-process-31/crates/gpui_windows)
    Uploaded gpui-alloy-windows v0.1.0 to registry `crates-io`
note: waiting for gpui-alloy-windows v0.1.0 to be available at registry `crates-io`
help: you may press ctrl-c to skip waiting; the crate should be available shortly
   Published gpui-alloy-windows v0.1.0 at registry `crates-io`
    Updating crates.io index
 Downloading crates ...
  Downloaded gpui-alloy-windows v0.1.0
gpui-alloy-windows
GPUI Alloy distribution of gpui_windows
version: 0.1.0
license: Apache-2.0
rust-version: unknown
documentation: https://docs.rs/gpui-alloy-windows/0.1.0
repository: https://github.com/AprilNEA/gpui-alloy
crates.io: https://crates.io/crates/gpui-alloy-windows/0.1.0
features:
 +default        = [gpui/default]
  scap           = [dep:scap]
  screen-capture = [gpui/screen-capture, scap]
  test-support   = [gpui/test-support]
Windows registry archive and index checksum match the original frozen archive.
