• Validating lock
✓ Validating lock in 2.43ms
• Configuring shell
• Configuring cachix
✓ Configuring cachix in 42.0ms
• Evaluating shell
✓ Evaluating shell in 135ms (cached)
✓ Configuring shell in 222ms
• Loading tasks
• Evaluating devenv.config.task.config
✓ Evaluating devenv.config.task.config in 3.85ms (cached)
✓ Loading tasks in 12.3ms
• Running tasks
• Running devenv:files:cleanup
✓ Running devenv:files:cleanup in 2.51s
• Running devenv:enterShell
✓ Running devenv:enterShell in 898ms
• Running devenv:enterTest
✓ Running devenv:enterTest in 43.4µs (no command)
✓ Running tasks in 3.43s
✨ devenv 2.1.2 is out of date. Please update to 2.4.0: https://devenv.sh/getting-started/#installation
cargo 1.98.1 (797e8a9bc 2026-08-05)
    Blocking waiting for file lock on package cache
    Updating crates.io index
gpui-alloy-async-process #process #spawn #command #subprocess #child
Async interface for working with processes
version: 0.1.0
license: Apache-2.0 OR MIT
rust-version: 1.71
documentation: https://docs.rs/gpui-alloy-async-process/0.1.0
repository: https://github.com/AprilNEA/gpui-alloy
crates.io: https://crates.io/crates/gpui-alloy-async-process/0.1.0
features:
  tracing = [dep:tracing]
    Updating crates.io index
gpui-alloy-async-tar #tar #tarfile #encoding
A Rust implementation of an async TAR file reader and writer. This library does not
currently handle compression, but it is abstract over all I/O readers and
writers. Additionally, great lengths are taken to ensure that the entire
contents are never required to be entirely resident in memory all at once.
version: 0.1.0
license: MIT/Apache-2.0
rust-version: 1.85
documentation: https://docs.rs/async-tar
homepage: https://github.com/dignifiedquire/async-tar
repository: https://github.com/AprilNEA/gpui-alloy
crates.io: https://crates.io/crates/gpui-alloy-async-tar/0.1.0
features:
 +default           = [xattr, runtime-async-std]
  async-std         = [dep:async-std]
  runtime-async-std = [async-std]
  xattr             = [dep:xattr]
  runtime-tokio     = [tokio, tokio-stream]
  tokio             = [dep:tokio]
  tokio-stream      = [dep:tokio-stream]
    Updating crates.io index
gpui-alloy-derive-refineable
A derive macro for creating refinement types in Rust
version: 0.1.0
license: Apache-2.0
rust-version: unknown
documentation: https://docs.rs/gpui-alloy-derive-refineable/0.1.0
repository: https://github.com/AprilNEA/gpui-alloy
crates.io: https://crates.io/crates/gpui-alloy-derive-refineable/0.1.0
    Updating crates.io index
gpui-alloy-font-kit
A cross-platform font loading library
version: 0.1.0
license: MIT OR Apache-2.0
rust-version: 1.77
documentation: https://docs.rs/gpui-alloy-font-kit/0.1.0
homepage: https://github.com/servo/font-kit
repository: https://github.com/AprilNEA/gpui-alloy
crates.io: https://crates.io/crates/gpui-alloy-font-kit/0.1.0
features:
 +default                   = [source]
  source                    = []
  freetype                  = [dep:freetype]
  loader-freetype           = [freetype]
  loader-freetype-default   = [loader-freetype]
  source-fontconfig         = [yeslogic-fontconfig-sys]
  source-fontconfig-default = [source-fontconfig]
  source-fontconfig-dlopen  = [yeslogic-fontconfig-sys/dlopen]
  yeslogic-fontconfig-sys   = [dep:yeslogic-fontconfig-sys]
    Updating crates.io index
gpui-alloy-http-client-tls
GPUI Alloy distribution of http_client_tls
version: 0.1.0
license: Apache-2.0
rust-version: unknown
documentation: https://docs.rs/gpui-alloy-http-client-tls/0.1.0
repository: https://github.com/AprilNEA/gpui-alloy
crates.io: https://crates.io/crates/gpui-alloy-http-client-tls/0.1.0
features:
  test-support = []
    Updating crates.io index
gpui-alloy-macros
Macros used by gpui
version: 0.1.0
license: Apache-2.0
rust-version: unknown
documentation: https://docs.rs/gpui-alloy-macros/0.1.0
repository: https://github.com/AprilNEA/gpui-alloy
crates.io: https://crates.io/crates/gpui-alloy-macros/0.1.0
features:
  inspector = []
    Updating crates.io index
gpui-alloy-util
GPUI Alloy distribution of gpui_util
version: 0.1.0
license: Apache-2.0
rust-version: unknown
documentation: https://docs.rs/gpui-alloy-util/0.1.0
repository: https://github.com/AprilNEA/gpui-alloy
crates.io: https://crates.io/crates/gpui-alloy-util/0.1.0
    Updating crates.io index
gpui-alloy-shared-string
GPUI Alloy distribution of gpui_shared_string
version: 0.1.0
license: Apache-2.0
rust-version: unknown
documentation: https://docs.rs/gpui-alloy-shared-string/0.1.0
repository: https://github.com/AprilNEA/gpui-alloy
crates.io: https://crates.io/crates/gpui-alloy-shared-string/0.1.0
    Updating crates.io index
gpui-alloy-scheduler
GPUI Alloy distribution of scheduler
version: 0.1.0
license: Apache-2.0
rust-version: unknown
documentation: https://docs.rs/gpui-alloy-scheduler/0.1.0
repository: https://github.com/AprilNEA/gpui-alloy
crates.io: https://crates.io/crates/gpui-alloy-scheduler/0.1.0
features:
  test-support = []
  wasm-threads = [dep:wasm_thread, flume/spin]
Confirmed 9 published checksums, frozen inputs, and dependency-ready gpui-alloy-path.
   Packaging gpui-alloy-path v0.1.0 (/private/tmp/alloy-registry-packager/staging-process-31/crates/path)
    Updating crates.io index
    Packaged 8 files, 82.8KiB (19.8KiB compressed)
   Verifying gpui-alloy-path v0.1.0 (/private/tmp/alloy-registry-packager/staging-process-31/crates/path)
   Compiling gpui-alloy-path v0.1.0 (/private/tmp/gpui-alloy-registry-target/package/gpui-alloy-path-0.1.0)
    Finished `dev` profile [unoptimized + debuginfo] target(s) in 13.68s
    Blocking waiting for file lock on package cache
    Updating crates.io index
    Blocking waiting for file lock on package cache
   Packaging gpui-alloy-path v0.1.0 (/private/tmp/alloy-registry-packager/staging-process-31/crates/path)
    Updating crates.io index
    Packaged 8 files, 82.8KiB (19.8KiB compressed)
   Verifying gpui-alloy-path v0.1.0 (/private/tmp/alloy-registry-packager/staging-process-31/crates/path)
   Compiling gpui-alloy-path v0.1.0 (/private/tmp/gpui-alloy-registry-target/package/gpui-alloy-path-0.1.0)
    Finished `dev` profile [unoptimized + debuginfo] target(s) in 22.81s
   Uploading gpui-alloy-path v0.1.0 (/private/tmp/alloy-registry-packager/staging-process-31/crates/path)
    Uploaded gpui-alloy-path v0.1.0 to registry `crates-io`
note: waiting for gpui-alloy-path v0.1.0 to be available at registry `crates-io`
help: you may press ctrl-c to skip waiting; the crate should be available shortly
    Blocking waiting for file lock on package cache
   Published gpui-alloy-path v0.1.0 at registry `crates-io`
    Blocking waiting for file lock on package cache
    Updating crates.io index
 Downloading crates ...
  Downloaded gpui-alloy-path v0.1.0
gpui-alloy-path
GPUI Alloy distribution of path
version: 0.1.0
license: Apache-2.0
rust-version: unknown
documentation: https://docs.rs/gpui-alloy-path/0.1.0
repository: https://github.com/AprilNEA/gpui-alloy
crates.io: https://crates.io/crates/gpui-alloy-path/0.1.0
features:
  serde        = [dep:serde]
  test-support = []
